Archive member included to satisfy reference by file (symbol)

c:/renesas/ra/e2studio_v2022-01_fsp_v3.6.0/toolchains/gcc_arm/gcc-arm-none-eabi-10.3-2021.10/bin/../lib/gcc/arm-none-eabi/10.3.1/thumb/v8-m.main+fp/hard\libgcc.a(_arm_muldf3.o)
                              ./src/service/soc_ukf/soc_ukf.o (__aeabi_dmul)
c:/renesas/ra/e2studio_v2022-01_fsp_v3.6.0/toolchains/gcc_arm/gcc-arm-none-eabi-10.3-2021.10/bin/../lib/gcc/arm-none-eabi/10.3.1/thumb/v8-m.main+fp/hard\libgcc.a(_arm_addsubdf3.o)
                              ./src/service/soc_ukf/soc_ukf.o (__aeabi_i2d)
c:/renesas/ra/e2studio_v2022-01_fsp_v3.6.0/toolchains/gcc_arm/gcc-arm-none-eabi-10.3-2021.10/bin/../lib/gcc/arm-none-eabi/10.3.1/thumb/v8-m.main+fp/hard\libgcc.a(_arm_muldivdf3.o)
                              ./src/service/soc_ukf/soc_ukf.o (__aeabi_ddiv)
c:/renesas/ra/e2studio_v2022-01_fsp_v3.6.0/toolchains/gcc_arm/gcc-arm-none-eabi-10.3-2021.10/bin/../lib/gcc/arm-none-eabi/10.3.1/thumb/v8-m.main+fp/hard\libgcc.a(_arm_cmpdf2.o)
                              ./src/service/soc_ukf/soc_ukf.o (__aeabi_dcmplt)
c:/renesas/ra/e2studio_v2022-01_fsp_v3.6.0/toolchains/gcc_arm/gcc-arm-none-eabi-10.3-2021.10/bin/../lib/gcc/arm-none-eabi/10.3.1/thumb/v8-m.main+fp/hard\libgcc.a(_arm_truncdfsf2.o)
                              ./src/service/soc_ukf/soc_ukf.o (__aeabi_d2f)
c:/renesas/ra/e2studio_v2022-01_fsp_v3.6.0/toolchains/gcc_arm/gcc-arm-none-eabi-10.3-2021.10/bin/../lib/gcc/arm-none-eabi/10.3.1/thumb/v8-m.main+fp/hard\libgcc.a(_aeabi_ldivmod.o)
                              ./ra/fsp/src/r_sci_uart/r_sci_uart.o (__aeabi_ldivmod)
c:/renesas/ra/e2studio_v2022-01_fsp_v3.6.0/toolchains/gcc_arm/gcc-arm-none-eabi-10.3-2021.10/bin/../lib/gcc/arm-none-eabi/10.3.1/thumb/v8-m.main+fp/hard\libgcc.a(_udivmoddi4.o)
                              c:/renesas/ra/e2studio_v2022-01_fsp_v3.6.0/toolchains/gcc_arm/gcc-arm-none-eabi-10.3-2021.10/bin/../lib/gcc/arm-none-eabi/10.3.1/thumb/v8-m.main+fp/hard\libgcc.a(_aeabi_ldivmod.o) (__udivmoddi4)
c:/renesas/ra/e2studio_v2022-01_fsp_v3.6.0/toolchains/gcc_arm/gcc-arm-none-eabi-10.3-2021.10/bin/../lib/gcc/arm-none-eabi/10.3.1/thumb/v8-m.main+fp/hard\libgcc.a(_dvmd_tls.o)
                              c:/renesas/ra/e2studio_v2022-01_fsp_v3.6.0/toolchains/gcc_arm/gcc-arm-none-eabi-10.3-2021.10/bin/../lib/gcc/arm-none-eabi/10.3.1/thumb/v8-m.main+fp/hard\libgcc.a(_aeabi_ldivmod.o) (__aeabi_ldiv0)
c:/renesas/ra/e2studio_v2022-01_fsp_v3.6.0/toolchains/gcc_arm/gcc-arm-none-eabi-10.3-2021.10/bin/../lib/gcc/arm-none-eabi/10.3.1/../../../../arm-none-eabi/lib/thumb/v8-m.main+fp/hard\libg_nano.a(lib_a-atoi.o)
                              ./src/test/test.o (atoi)
c:/renesas/ra/e2studio_v2022-01_fsp_v3.6.0/toolchains/gcc_arm/gcc-arm-none-eabi-10.3-2021.10/bin/../lib/gcc/arm-none-eabi/10.3.1/../../../../arm-none-eabi/lib/thumb/v8-m.main+fp/hard\libg_nano.a(lib_a-errno.o)
                              ./ra/fsp/src/bsp/mcu/all/bsp_sbrk.o (__errno)
c:/renesas/ra/e2studio_v2022-01_fsp_v3.6.0/toolchains/gcc_arm/gcc-arm-none-eabi-10.3-2021.10/bin/../lib/gcc/arm-none-eabi/10.3.1/../../../../arm-none-eabi/lib/thumb/v8-m.main+fp/hard\libg_nano.a(lib_a-exit.o)
                              c:/renesas/ra/e2studio_v2022-01_fsp_v3.6.0/toolchains/gcc_arm/gcc-arm-none-eabi-10.3-2021.10/bin/../lib/gcc/arm-none-eabi/10.3.1/../../../../arm-none-eabi/lib/thumb/v8-m.main+fp/hard/rdimon-crt0.o (exit)
c:/renesas/ra/e2studio_v2022-01_fsp_v3.6.0/toolchains/gcc_arm/gcc-arm-none-eabi-10.3-2021.10/bin/../lib/gcc/arm-none-eabi/10.3.1/../../../../arm-none-eabi/lib/thumb/v8-m.main+fp/hard\libg_nano.a(lib_a-impure.o)
                              c:/renesas/ra/e2studio_v2022-01_fsp_v3.6.0/toolchains/gcc_arm/gcc-arm-none-eabi-10.3-2021.10/bin/../lib/gcc/arm-none-eabi/10.3.1/../../../../arm-none-eabi/lib/thumb/v8-m.main+fp/hard\libg_nano.a(lib_a-exit.o) (_global_impure_ptr)
c:/renesas/ra/e2studio_v2022-01_fsp_v3.6.0/toolchains/gcc_arm/gcc-arm-none-eabi-10.3-2021.10/bin/../lib/gcc/arm-none-eabi/10.3.1/../../../../arm-none-eabi/lib/thumb/v8-m.main+fp/hard\libg_nano.a(lib_a-init.o)
                              c:/renesas/ra/e2studio_v2022-01_fsp_v3.6.0/toolchains/gcc_arm/gcc-arm-none-eabi-10.3-2021.10/bin/../lib/gcc/arm-none-eabi/10.3.1/../../../../arm-none-eabi/lib/thumb/v8-m.main+fp/hard/rdimon-crt0.o (__libc_init_array)
c:/renesas/ra/e2studio_v2022-01_fsp_v3.6.0/toolchains/gcc_arm/gcc-arm-none-eabi-10.3-2021.10/bin/../lib/gcc/arm-none-eabi/10.3.1/../../../../arm-none-eabi/lib/thumb/v8-m.main+fp/hard\libg_nano.a(lib_a-malloc.o)
                              ./src/test/test.o (malloc)
c:/renesas/ra/e2studio_v2022-01_fsp_v3.6.0/toolchains/gcc_arm/gcc-arm-none-eabi-10.3-2021.10/bin/../lib/gcc/arm-none-eabi/10.3.1/../../../../arm-none-eabi/lib/thumb/v8-m.main+fp/hard\libg_nano.a(lib_a-memcpy-stub.o)
                              ./src/service/modbus/functions/mbfuncother.o (memcpy)
[...]
Memory Configuration

Name             Origin             Length             Attributes
FLASH            0x00000000         0x00040000         xr
RAM              0x20000000         0x00020000         xrw
DATA_FLASH       0x08000000         0x00002000         xr
QSPI_FLASH       0x60000000         0x04000000         xr
OSPI_DEVICE_0    0x68000000         0x00000000         xr
OSPI_DEVICE_1    0x70000000         0x00000000         xr
OSPI_DEVICE_0_RAM 0x68000000         0x00000000         xrw
OSPI_DEVICE_1_RAM 0x70000000         0x00000000         xrw
SDRAM            0x90000000         0x00000000         xrw
OPTION_SETTING   0x0100a100         0x00000100         r
OPTION_SETTING_S 0x0100a200         0x00000100         r
ID_CODE          0x00000000         0x00000000         xr
*default*        0x00000000         0xffffffff

Linker script and memory map

LOAD c:/renesas/ra/e2studio_v2022-01_fsp_v3.6.0/toolchains/gcc_arm/gcc-arm-none-eabi-10.3-2021.10/bin/../lib/gcc/arm-none-eabi/10.3.1/thumb/v8-m.main+fp/hard/crti.o
LOAD c:/renesas/ra/e2studio_v2022-01_fsp_v3.6.0/toolchains/gcc_arm/gcc-arm-none-eabi-10.3-2021.10/bin/../lib/gcc/arm-none-eabi/10.3.1/thumb/v8-m.main+fp/hard/crtbegin.o
LOAD c:/renesas/ra/e2studio_v2022-01_fsp_v3.6.0/toolchains/gcc_arm/gcc-arm-none-eabi-10.3-2021.10/bin/../lib/gcc/arm-none-eabi/10.3.1/../../../../arm-none-eabi/lib/thumb/v8-m.main+fp/hard/rdimon-crt0.o
START GROUP
LOAD ./src/test/test.o
LOAD ./src/service/soc_ukf/battery_model.o
LOAD ./src/service/soc_ukf/soc_ukf.o
LOAD ./src/service/soc_ukf/soc_vffrls.o
LOAD ./src/service/modbus/rtu/mbcrc.o
LOAD ./src/service/modbus/rtu/mbrtu.o
LOAD ./src/service/modbus/port/portevent.o
LOAD ./src/service/modbus/port/portserial.o
LOAD ./src/service/modbus/port/porttimer.o
LOAD ./src/service/modbus/functions/mbfunccoils.o
LOAD ./src/service/modbus/functions/mbfuncdiag.o
LOAD ./src/service/modbus/functions/mbfuncdisc.o
LOAD ./src/service/modbus/functions/mbfuncholding.o
LOAD ./src/service/modbus/functions/mbfuncinput.o
LOAD ./src/service/modbus/functions/mbfuncother.o
LOAD ./src/service/modbus/functions/mbutils.o
LOAD ./src/service/modbus/mb.o
LOAD ./src/service/math/math_util.o
LOAD ./src/service/math/matrix.o
LOAD ./src/service/fifo/fifo.o
LOAD ./src/service/canopen/CO.o
LOAD ./src/service/canopen/CO_CAN_Msg.o
LOAD ./src/service/canopen/CO_CRC.o
LOAD ./src/service/canopen/CO_EMCY.o
LOAD ./src/service/canopen/CO_FLASH.o
LOAD ./src/service/canopen/CO_NMT.o
LOAD ./src/service/canopen/CO_OD.o
LOAD ./src/service/canopen/CO_OD_sign.o
LOAD ./src/service/canopen/CO_OD_storage.o
LOAD ./src/service/canopen/CO_Object.o
LOAD ./src/service/canopen/CO_PDO.o
LOAD ./src/service/canopen/CO_RPDO.o
LOAD ./src/service/canopen/CO_SDO.o
LOAD ./src/service/canopen/CO_SDOclient.o
LOAD ./src/service/canopen/CO_SDOserver.o
LOAD ./src/service/canopen/CO_SYNC.o
LOAD ./src/service/canopen/CO_TPDO.o
LOAD ./src/service/canopen/can_master.o
LOAD ./src/components/node_id/node_id.o
LOAD ./src/components/converter/converter.o
LOAD ./src/components/cabinet/cabinet.o
LOAD ./src/components/bp/bp.o
LOAD ./src/board/timer/timer_hw.o
LOAD ./src/board/gpio/gpio_hw.o
LOAD ./src/board/can/can_hw.o
LOAD ./src/board/board.o
LOAD ./src/app/mb_app/modbus_app.o
LOAD ./src/app/canopen/od/manu_od/manu_od.o
LOAD ./src/app/canopen/od/manu_od/manu_od_default_value.o
LOAD ./src/app/canopen/od/comm_od/comm_od.o
LOAD ./src/app/canopen/od/comm_od/comm_od_default_value.o
LOAD ./src/app/canopen/od/od.o
LOAD ./src/app/canopen/init/app_co_init.o
LOAD ./src/app/can2mb_init/can2mb_app_init.o
LOAD ./src/app/app.o
LOAD ./ra_gen/common_data.o
LOAD ./ra_gen/hal_data.o
LOAD ./ra_gen/main.o
LOAD ./ra_gen/pin_data.o
LOAD ./ra_gen/vector_data.o
LOAD ./ra/fsp/src/r_sci_uart/r_sci_uart.o
LOAD ./ra/fsp/src/r_ioport/r_ioport.o
LOAD ./ra/fsp/src/r_gpt/r_gpt.o
LOAD ./ra/fsp/src/r_can/r_can.o
LOAD ./ra/fsp/src/bsp/mcu/all/bsp_clocks.o
LOAD ./ra/fsp/src/bsp/mcu/all/bsp_common.o
LOAD ./ra/fsp/src/bsp/mcu/all/bsp_delay.o
LOAD ./ra/fsp/src/bsp/mcu/all/bsp_group_irq.o
LOAD ./ra/fsp/src/bsp/mcu/all/bsp_guard.o
LOAD ./ra/fsp/src/bsp/mcu/all/bsp_io.o
LOAD ./ra/fsp/src/bsp/mcu/all/bsp_irq.o
LOAD ./ra/fsp/src/bsp/mcu/all/bsp_register_protection.o
LOAD ./ra/fsp/src/bsp/mcu/all/bsp_rom_registers.o
LOAD ./ra/fsp/src/bsp/mcu/all/bsp_sbrk.o
LOAD ./ra/fsp/src/bsp/mcu/all/bsp_security.o
LOAD ./ra/fsp/src/bsp/cmsis/Device/RENESAS/Source/startup.o
LOAD ./ra/fsp/src/bsp/cmsis/Device/RENESAS/Source/system.o
END GROUP
START GROUP
LOAD c:/renesas/ra/e2studio_v2022-01_fsp_v3.6.0/toolchains/gcc_arm/gcc-arm-none-eabi-10.3-2021.10/bin/../lib/gcc/arm-none-eabi/10.3.1/thumb/v8-m.main+fp/hard\libgcc.a
LOAD c:/renesas/ra/e2studio_v2022-01_fsp_v3.6.0/toolchains/gcc_arm/gcc-arm-none-eabi-10.3-2021.10/bin/../lib/gcc/arm-none-eabi/10.3.1/../../../../arm-none-eabi/lib/thumb/v8-m.main+fp/hard\libg_nano.a
LOAD c:/renesas/ra/e2studio_v2022-01_fsp_v3.6.0/toolchains/gcc_arm/gcc-arm-none-eabi-10.3-2021.10/bin/../lib/gcc/arm-none-eabi/10.3.1/../../../../arm-none-eabi/lib/thumb/v8-m.main+fp/hard\libc_nano.a
END GROUP
START GROUP
LOAD c:/renesas/ra/e2studio_v2022-01_fsp_v3.6.0/toolchains/gcc_arm/gcc-arm-none-eabi-10.3-2021.10/bin/../lib/gcc/arm-none-eabi/10.3.1/thumb/v8-m.main+fp/hard\libgcc.a
LOAD c:/renesas/ra/e2studio_v2022-01_fsp_v3.6.0/toolchains/gcc_arm/gcc-arm-none-eabi-10.3-2021.10/bin/../lib/gcc/arm-none-eabi/10.3.1/../../../../arm-none-eabi/lib/thumb/v8-m.main+fp/hard\libc_nano.a
LOAD c:/renesas/ra/e2studio_v2022-01_fsp_v3.6.0/toolchains/gcc_arm/gcc-arm-none-eabi-10.3-2021.10/bin/../lib/gcc/arm-none-eabi/10.3.1/../../../../arm-none-eabi/lib/thumb/v8-m.main+fp/hard\librdimon_nano.a
END GROUP
START GROUP
LOAD c:/renesas/ra/e2studio_v2022-01_fsp_v3.6.0/toolchains/gcc_arm/gcc-arm-none-eabi-10.3-2021.10/bin/../lib/gcc/arm-none-eabi/10.3.1/thumb/v8-m.main+fp/hard\libgcc.a
LOAD c:/renesas/ra/e2studio_v2022-01_fsp_v3.6.0/toolchains/gcc_arm/gcc-arm-none-eabi-10.3-2021.10/bin/../lib/gcc/arm-none-eabi/10.3.1/../../../../arm-none-eabi/lib/thumb/v8-m.main+fp/hard\libc_nano.a
LOAD c:/renesas/ra/e2studio_v2022-01_fsp_v3.6.0/toolchains/gcc_arm/gcc-arm-none-eabi-10.3-2021.10/bin/../lib/gcc/arm-none-eabi/10.3.1/../../../../arm-none-eabi/lib/thumb/v8-m.main+fp/hard\librdimon_nano.a
END GROUP
LOAD c:/renesas/ra/e2studio_v2022-01_fsp_v3.6.0/toolchains/gcc_arm/gcc-arm-none-eabi-10.3-2021.10/bin/../lib/gcc/arm-none-eabi/10.3.1/thumb/v8-m.main+fp/hard/crtend.o
LOAD c:/renesas/ra/e2studio_v2022-01_fsp_v3.6.0/toolchains/gcc_arm/gcc-arm-none-eabi-10.3-2021.10/bin/../lib/gcc/arm-none-eabi/10.3.1/thumb/v8-m.main+fp/hard/crtn.o
                0x20000000                RAM_START = 0x20000000
                0x00020000                RAM_LENGTH = 0x20000
                0x00000000                FLASH_START = 0x0
                0x00040000                FLASH_LENGTH = 0x40000
                0x08000000                DATA_FLASH_START = 0x8000000
                0x00002000                DATA_FLASH_LENGTH = 0x2000
                0x0100a100                OPTION_SETTING_START = 0x100a100
                0x00000100                OPTION_SETTING_LENGTH = 0x100
                0x0100a200                OPTION_SETTING_S_START = 0x100a200
                0x00000100                OPTION_SETTING_S_LENGTH = 0x100
                0x00000000                ID_CODE_START = 0x0
                0x00000000                ID_CODE_LENGTH = 0x0
                0x90000000                SDRAM_START = 0x90000000
                0x00000000                SDRAM_LENGTH = 0x0
                0x60000000                QSPI_FLASH_START = 0x60000000
                0x04000000                QSPI_FLASH_LENGTH = 0x4000000
                0x68000000                OSPI_DEVICE_0_START = 0x68000000
                0x00000000                OSPI_DEVICE_0_LENGTH = 0x0
                0x70000000                OSPI_DEVICE_1_START = 0x70000000
                0x00000000                OSPI_DEVICE_1_LENGTH = 0x0
                0x04000000                QSPI_FLASH_PRV_LENGTH = DEFINED (QSPI_FLASH_SIZE)?ABSOLUTE (QSPI_FLASH_SIZE):ABSOLUTE (QSPI_FLASH_LENGTH)
                0x00000000                OSPI_DEVICE_0_PRV_LENGTH = DEFINED (OSPI_DEVICE_0_SIZE)?ABSOLUTE (OSPI_DEVICE_0_SIZE):ABSOLUTE (OSPI_DEVICE_0_LENGTH)
                0x00000000                OSPI_DEVICE_1_PRV_LENGTH = DEFINED (OSPI_DEVICE_1_SIZE)?ABSOLUTE (OSPI_DEVICE_1_SIZE):ABSOLUTE (OSPI_DEVICE_1_LENGTH)
                0x00000000                __RESERVE_NS_RAM = ((! (DEFINED (PROJECT_NONSECURE)) && DEFINED (RAM_NS_BUFFER_LENGTH)) && (OPTION_SETTING_S_LENGTH != 0x0))
                0x00000000                RAM_NS_BUFFER_BLOCK_LENGTH = DEFINED (RAM_NS_BUFFER_LENGTH)?ALIGN (RAM_NS_BUFFER_LENGTH, 0x2000):0x0
                0x00000000                RAM_NS_BUFFER_LENGTH = DEFINED (RAM_NS_BUFFER_LENGTH)?RAM_NS_BUFFER_LENGTH:0x0
                0x20020000                RAM_NS_BUFFER_START = ((RAM_START + RAM_LENGTH) - RAM_NS_BUFFER_LENGTH)
                0x20020000                RAM_NS_BUFFER_BLOCK_START = ((RAM_START + RAM_LENGTH) - RAM_NS_BUFFER_BLOCK_LENGTH)
                0x0100a180                OPTION_SETTING_START_NS = 0x100a180
                0x00000001                __bl_FSP_BOOTABLE_IMAGE = 0x1
                0x00000001                __bln_FSP_BOOTABLE_IMAGE = 0x1
                0x00000001                PROJECT_SECURE_OR_FLAT = ((! (DEFINED (PROJECT_NONSECURE)) && OPTION_SETTING_LENGTH) && ! (DEFINED (FSP_BOOTABLE_IMAGE)))
                0x00000000                USE_OPTION_SETTING_NS = (DEFINED (PROJECT_NONSECURE) && ! (DEFINED (FSP_BOOTABLE_IMAGE)))
                0x00000000                __bl_FLASH_IMAGE_START = ! (DEFINED (FLASH_BOOTLOADER_LENGTH))?0x0:(FLASH_APPLICATION_IMAGE_NUMBER == 0x1)?(FLASH_BOOTLOADER_LENGTH + FLASH_BOOTLOADER_HEADER_LENGTH):(((FLASH_BOOTLOADER_LENGTH + FLASH_BOOTLOADER_SCRATCH_LENGTH) + FLASH_APPLICATION_S_LENGTH) + FLASH_BOOTLOADER_HEADER_LENGTH)
                0x00000000                __bl_FLASH_IMAGE_LENGTH = ! (DEFINED (FLASH_BOOTLOADER_LENGTH))?0x0:(FLASH_APPLICATION_S_LENGTH - FLASH_BOOTLOADER_HEADER_LENGTH)
                0x00000000                __bl_FLASH_IMAGE_END = (__bl_FLASH_IMAGE_START + __bl_FLASH_IMAGE_LENGTH)
                0x00000000                __bl_XIP_SECONDARY_FLASH_IMAGE_START = ! (DEFINED (FLASH_BOOTLOADER_LENGTH))?0x0:((FLASH_BOOTLOADER_LENGTH + FLASH_APPLICATION_S_LENGTH) + FLASH_BOOTLOADER_HEADER_LENGTH)
                0x00000000                __bl_XIP_SECONDARY_FLASH_IMAGE_END = (__bl_XIP_SECONDARY_FLASH_IMAGE_START + __bl_FLASH_IMAGE_LENGTH)
                0x00000000                __bl_FLASH_NS_START = ! (DEFINED (FLASH_BOOTLOADER_LENGTH))?0x0:(FLASH_APPLICATION_NS_LENGTH == 0x0)?__bl_FLASH_IMAGE_END:((__bl_FLASH_IMAGE_START - FLASH_BOOTLOADER_HEADER_LENGTH) + FLASH_APPLICATION_S_LENGTH)
                0x00000000                __bl_FLASH_NSC_START = ! (DEFINED (FLASH_BOOTLOADER_LENGTH))?0x0:(FLASH_APPLICATION_NS_LENGTH == 0x0)?__bl_FLASH_IMAGE_END:(__bl_FLASH_NS_START - FLASH_APPLICATION_NSC_LENGTH)
                0x00000000                __bl_RAM_NS_START = ! (DEFINED (FLASH_BOOTLOADER_LENGTH))?0x0:(FLASH_APPLICATION_NS_LENGTH == 0x0)?(RAM_START + RAM_LENGTH):((RAM_START + RAM_LENGTH) - RAM_APPLICATION_NS_LENGTH)
                0x00000000                __bl_RAM_NSC_START = ! (DEFINED (FLASH_BOOTLOADER_LENGTH))?0x0:(FLASH_APPLICATION_NS_LENGTH == 0x0)?(RAM_START + RAM_LENGTH):(__bl_RAM_NS_START - RAM_APPLICATION_NSC_LENGTH)
                0x00000000                __bl_FLASH_NS_IMAGE_START = ! (DEFINED (FLASH_BOOTLOADER_LENGTH))?0x0:(FLASH_APPLICATION_NS_LENGTH == 0x0)?__bl_FLASH_IMAGE_END:(__bl_FLASH_NS_START + FLASH_BOOTLOADER_HEADER_LENGTH_2)
                0x00000000                __bln_FLASH_IMAGE_START = __bl_FLASH_NS_IMAGE_START
                0x00000000                __bln_FLASH_IMAGE_LENGTH = ! (DEFINED (FLASH_BOOTLOADER_LENGTH))?0x0:(FLASH_APPLICATION_NS_LENGTH == 0x0)?__bl_FLASH_IMAGE_END:(FLASH_APPLICATION_NS_LENGTH - FLASH_BOOTLOADER_HEADER_LENGTH_2)
                0x00000000                XIP_SECONDARY_SLOT_IMAGE = DEFINED (XIP_SECONDARY_SLOT_IMAGE)?XIP_SECONDARY_SLOT_IMAGE:0x0
                0x00000000                FLASH_ORIGIN = ! (DEFINED (FLASH_IMAGE_START))?FLASH_START:(XIP_SECONDARY_SLOT_IMAGE == 0x1)?XIP_SECONDARY_FLASH_IMAGE_START:FLASH_IMAGE_START
                0x00040000                LIMITED_FLASH_LENGTH = DEFINED (FLASH_IMAGE_LENGTH)?FLASH_IMAGE_LENGTH:DEFINED (FLASH_BOOTLOADER_LENGTH)?FLASH_BOOTLOADER_LENGTH:FLASH_LENGTH
START GROUP
LOAD c:/renesas/ra/e2studio_v2022-01_fsp_v3.6.0/toolchains/gcc_arm/gcc-arm-none-eabi-10.3-2021.10/bin/../lib/gcc/arm-none-eabi/10.3.1/thumb/v8-m.main+fp/hard\libgcc.a
LOAD c:/renesas/ra/e2studio_v2022-01_fsp_v3.6.0/toolchains/gcc_arm/gcc-arm-none-eabi-10.3-2021.10/bin/../lib/gcc/arm-none-eabi/10.3.1/../../../../arm-none-eabi/lib/thumb/v8-m.main+fp/hard\libc.a
LOAD c:/renesas/ra/e2studio_v2022-01_fsp_v3.6.0/toolchains/gcc_arm/gcc-arm-none-eabi-10.3-2021.10/bin/../lib/gcc/arm-none-eabi/10.3.1/../../../../arm-none-eabi/lib/thumb/v8-m.main+fp/hard\libm.a
LOAD c:/renesas/ra/e2studio_v2022-01_fsp_v3.6.0/toolchains/gcc_arm/gcc-arm-none-eabi-10.3-2021.10/bin/../lib/gcc/arm-none-eabi/10.3.1/../../../../arm-none-eabi/lib/thumb/v8-m.main+fp/hard\libnosys.a
END GROUP

.text           0x00000000     0x526c
                0x00000000                __tz_FLASH_S = ABSOLUTE (FLASH_START)
                0x00000000                __ROM_Start = .
 *(.fixed_vectors*)
 .fixed_vectors
                0x00000000       0x40 ./ra/fsp/src/bsp/cmsis/Device/RENESAS/Source/startup.o
                0x00000000                __Vectors
 *(.application_vectors*)
 .application_vectors
                0x00000040      0x180 ./ra_gen/vector_data.o
                0x00000040                g_vector_table
                0x000001c0                __Vectors_End = .
                0x000001c0                . = (OPTION_SETTING_LENGTH > 0x0)?.:(__ROM_Start + 0x400)
 *(.rom_registers*)
                0x000001c0                . = (OPTION_SETTING_LENGTH > 0x0)?.:(__ROM_Start + 0x500)
                0x00000200                . = ALIGN (0x80)
 *fill*         0x000001c0       0x40 ff
 *(.mcuboot_sce9_key*)
 *(.text*)
 .text          0x00000200       0x40 c:/renesas/ra/e2studio_v2022-01_fsp_v3.6.0/toolchains/gcc_arm/gcc-arm-none-eabi-10.3-2021.10/bin/../lib/gcc/arm-none-eabi/10.3.1/thumb/v8-m.main+fp/hard/crtbegin.o
 .text.UART_IRQ_Handle
                0x00000240       0x44 ./src/test/test.o
                0x00000240                UART_IRQ_Handle
 .text.string_split
                0x00000284       0x50 ./src/test/test.o
                0x00000284                string_split
 .text.uart_print
                0x000002d4       0x78 ./src/test/test.o
                0x000002d4                uart_print
 .text.process_handle
                0x0000034c      0x35c ./src/test/test.o
                0x0000034c                process_handle
 .text.hal_entry
                0x000006a8       0xdc ./src/test/test.o
                0x000006a8                hal_entry
 .text.get_soc_from_ocv
                0x00000784       0x68 ./src/service/soc_ukf/battery_model.o
                0x00000784                get_soc_from_ocv
 .text.get_ratio_from_soc
                0x000007ec       0x84 ./src/service/soc_ukf/battery_model.o
                0x000007ec                get_ratio_from_soc
 .text.ukf_init
                0x00000870       0x2c ./src/service/soc_ukf/soc_ukf.o
                0x00000870                ukf_init
 .text.check_calib_condition
                0x0000089c       0x7c ./src/service/soc_ukf/soc_ukf.o
                0x0000089c                check_calib_condition
 .text.parameter_init
                0x00000918      0x128 ./src/service/soc_ukf/soc_ukf.o
                0x00000918                parameter_init
 .text.soc_update_ukf
                0x00000a40      0x7a0 ./src/service/soc_ukf/soc_ukf.o
                0x00000a40                soc_update_ukf
 .text.ukf_update
                0x000011e0      0x288 ./src/service/soc_ukf/soc_ukf.o
                0x000011e0                ukf_update
 .text.vffrls_init
                0x00001468       0xd0 ./src/service/soc_ukf/soc_vffrls.o
                0x00001468                vffrls_init
 .text.absolute_f
                0x00001538       0x10 ./src/service/math/math_util.o
                0x00001538                absolute_f
 .text.square_root_f
                0x00001548       0x70 ./src/service/math/math_util.o
                0x00001548                square_root_f
 .text.exponent_f
                0x000015b8       0x1c ./src/service/math/math_util.o
                0x000015b8                exponent_f
 .text.sign_f   0x000015d4       0x24 ./src/service/math/math_util.o
                0x000015d4                sign_f
 .text.sum      0x000015f8       0x58 ./src/service/math/matrix.o
                0x000015f8                sum
 .text.minus    0x00001650       0x58 ./src/service/math/matrix.o
                0x00001650                minus
 .text.inner_multiply
                0x000016a8       0x68 ./src/service/math/matrix.o
                0x000016a8                inner_multiply
 .text.scalar_multiply
                0x00001710       0x50 ./src/service/math/matrix.o
                0x00001710                scalar_multiply
 .text.multiply
                0x00001760       0xec ./src/service/math/matrix.o
                0x00001760                multiply
 .text.htri_concat
                0x0000184c       0xe4 ./src/service/math/matrix.o
                0x0000184c                htri_concat
 .text.hgenerate
                0x00001930       0x60 ./src/service/math/matrix.o
                0x00001930                hgenerate
 .text.chol     0x00001990      0x1c8 ./src/service/math/matrix.o
                0x00001990                chol
 .text.fifo_init
                0x00001b58       0x34 ./src/service/fifo/fifo.o
                0x00001b58                fifo_init
 .text.fifo_push
                0x00001b8c       0x38 ./src/service/fifo/fifo.o
                0x00001b8c                fifo_push
 .text.fifo_pop
                0x00001bc4       0x3c ./src/service/fifo/fifo.o
                0x00001bc4                fifo_pop
 .text.fifo_get_num_item
                0x00001c00        0x4 ./src/service/fifo/fifo.o
                0x00001c00                fifo_get_num_item
 .text.startup.main
                0x00001c04        0xc ./ra_gen/main.o
                0x00001c04                main
 .text.R_SCI_UART_Write
                0x00001c10       0xd4 ./ra/fsp/src/r_sci_uart/r_sci_uart.o
                0x00001c10                R_SCI_UART_Write
 .text.r_sci_uart_call_callback
                0x00001ce4       0x44 ./ra/fsp/src/r_sci_uart/r_sci_uart.o
 .text.r_sci_negate_de_pin.isra.0
                0x00001d28       0x8c ./ra/fsp/src/r_sci_uart/r_sci_uart.o
 .text.R_SCI_UART_Open
                0x00001db4      0x33c ./ra/fsp/src/r_sci_uart/r_sci_uart.o
                0x00001db4                R_SCI_UART_Open
 .text.sci_uart_txi_isr
                0x000020f0       0x8c ./ra/fsp/src/r_sci_uart/r_sci_uart.o
                0x000020f0                sci_uart_txi_isr
 .text.sci_uart_rxi_isr
                0x0000217c       0x8c ./ra/fsp/src/r_sci_uart/r_sci_uart.o
                0x0000217c                sci_uart_rxi_isr
 .text.sci_uart_tei_isr
                0x00002208       0x48 ./ra/fsp/src/r_sci_uart/r_sci_uart.o
                0x00002208                sci_uart_tei_isr
 .text.sci_uart_eri_isr
                0x00002250       0x74 ./ra/fsp/src/r_sci_uart/r_sci_uart.o
                0x00002250                sci_uart_eri_isr
 .text.R_IOPORT_Close
                0x000022c4        0xc ./ra/fsp/src/r_ioport/r_ioport.o
                0x000022c4                R_IOPORT_Close
 .text.R_IOPORT_PinRead
                0x000022d0       0x24 ./ra/fsp/src/r_ioport/r_ioport.o
                0x000022d0                R_IOPORT_PinRead
 .text.R_IOPORT_PortRead
                0x000022f4       0x14 ./ra/fsp/src/r_ioport/r_ioport.o
                0x000022f4                R_IOPORT_PortRead
 .text.R_IOPORT_PortWrite
                0x00002308       0x1c ./ra/fsp/src/r_ioport/r_ioport.o
                0x00002308                R_IOPORT_PortWrite
 .text.R_IOPORT_PinWrite
                0x00002324       0x20 ./ra/fsp/src/r_ioport/r_ioport.o
                0x00002324                R_IOPORT_PinWrite
 .text.R_IOPORT_PortDirectionSet
                0x00002344       0x2c ./ra/fsp/src/r_ioport/r_ioport.o
                0x00002344                R_IOPORT_PortDirectionSet
 .text.R_IOPORT_PortEventInputRead
                0x00002370       0x18 ./ra/fsp/src/r_ioport/r_ioport.o
                0x00002370                R_IOPORT_PortEventInputRead
 .text.R_IOPORT_PinEventInputRead
                0x00002388       0x38 ./ra/fsp/src/r_ioport/r_ioport.o
                0x00002388                R_IOPORT_PinEventInputRead
 .text.R_IOPORT_PortEventOutputWrite
                0x000023c0       0x1c ./ra/fsp/src/r_ioport/r_ioport.o
                0x000023c0                R_IOPORT_PortEventOutputWrite
 .text.R_IOPORT_EthernetModeCfg
                0x000023dc        0x4 ./ra/fsp/src/r_ioport/r_ioport.o
                0x000023dc                R_IOPORT_EthernetModeCfg
 .text.R_IOPORT_PinEventOutputWrite
                0x000023e0       0x4c ./ra/fsp/src/r_ioport/r_ioport.o
                0x000023e0                R_IOPORT_PinEventOutputWrite
 .text.bsp_vbatt_init
                0x0000242c       0xac ./ra/fsp/src/r_ioport/r_ioport.o
 .text.r_ioport_pins_config
                0x000024d8       0xc0 ./ra/fsp/src/r_ioport/r_ioport.o
 .text.R_IOPORT_Open
                0x00002598       0x14 ./ra/fsp/src/r_ioport/r_ioport.o
                0x00002598                R_IOPORT_Open
 .text.R_IOPORT_PinsCfg
                0x000025ac        0xc ./ra/fsp/src/r_ioport/r_ioport.o
                0x000025ac                R_IOPORT_PinsCfg
 .text.R_IOPORT_PinCfg
                0x000025b8       0xa8 ./ra/fsp/src/r_ioport/r_ioport.o
                0x000025b8                R_IOPORT_PinCfg
 .text.r_gpt_call_callback
                0x00002660       0x3c ./ra/fsp/src/r_gpt/r_gpt.o
 .text.gpt_counter_overflow_isr
                0x0000269c       0x7c ./ra/fsp/src/r_gpt/r_gpt.o
                0x0000269c                gpt_counter_overflow_isr
 .text.r_can_call_callback
                0x00002718       0x6c ./ra/fsp/src/r_can/r_can.o
 .text.can_error_isr
                0x00002784       0xd4 ./ra/fsp/src/r_can/r_can.o
                0x00002784                can_error_isr
 .text.can_rx_isr
                0x00002858      0x11c ./ra/fsp/src/r_can/r_can.o
                0x00002858                can_rx_isr
 .text.can_tx_isr
                0x00002974       0xa4 ./ra/fsp/src/r_can/r_can.o
                0x00002974                can_tx_isr
 .text.SystemCoreClockUpdate
                0x00002a18       0x28 ./ra/fsp/src/bsp/mcu/all/bsp_clocks.o
                0x00002a18                SystemCoreClockUpdate
 .text.bsp_clock_init
                0x00002a40      0x11c ./ra/fsp/src/bsp/mcu/all/bsp_clocks.o
                0x00002a40                bsp_clock_init
 .text.bsp_init_internal
                0x00002b5c        0x4 ./ra/fsp/src/bsp/mcu/all/bsp_common.o
                0x00002b5c                bsp_init_internal
                0x00002b5c                bsp_init
 .text.__assert_func
                0x00002b60        0x4 ./ra/fsp/src/bsp/mcu/all/bsp_common.o
                0x00002b60                __assert_func
 .text.bsp_prv_software_delay_loop
                0x00002b64        0xc ./ra/fsp/src/bsp/mcu/all/bsp_delay.o
                0x00002b64                bsp_prv_software_delay_loop
 .text.R_BSP_SoftwareDelay
                0x00002b70       0x68 ./ra/fsp/src/bsp/mcu/all/bsp_delay.o
                0x00002b70                R_BSP_SoftwareDelay
 .text.NMI_Handler
                0x00002bd8       0x38 ./ra/fsp/src/bsp/mcu/all/bsp_group_irq.o
                0x00002bd8                NMI_Handler
 .text.bsp_irq_cfg
                0x00002c10       0xa0 ./ra/fsp/src/bsp/mcu/all/bsp_irq.o
                0x00002c10                bsp_irq_cfg
 .text.R_BSP_RegisterProtectEnable
                0x00002cb0       0x60 ./ra/fsp/src/bsp/mcu/all/bsp_register_protection.o
                0x00002cb0                R_BSP_RegisterProtectEnable
 .text.R_BSP_RegisterProtectDisable
                0x00002d10       0x54 ./ra/fsp/src/bsp/mcu/all/bsp_register_protection.o
                0x00002d10                R_BSP_RegisterProtectDisable
 .text._sbrk    0x00002d64       0x44 ./ra/fsp/src/bsp/mcu/all/bsp_sbrk.o
                0x00002d64                _sbrk
 .text.Default_Handler
                0x00002da8        0x4 ./ra/fsp/src/bsp/cmsis/Device/RENESAS/Source/startup.o
                0x00002da8                DebugMon_Handler
                0x00002da8                HardFault_Handler
                0x00002da8                SysTick_Handler
                0x00002da8                PendSV_Handler
                0x00002da8                UsageFault_Handler
                0x00002da8                SecureFault_Handler
                0x00002da8                Default_Handler
                0x00002da8                MemManage_Handler
                0x00002da8                SVC_Handler
                0x00002da8                BusFault_Handler
 .text.Reset_Handler
                0x00002dac        0xc ./ra/fsp/src/bsp/cmsis/Device/RENESAS/Source/startup.o
                0x00002dac                Reset_Handler
 .text.R_BSP_WarmStart
                0x00002db8        0x4 ./ra/fsp/src/bsp/cmsis/Device/RENESAS/Source/system.o
                0x00002db8                R_BSP_WarmStart
 .text.SystemInit
                0x00002dbc       0xc0 ./ra/fsp/src/bsp/cmsis/Device/RENESAS/Source/system.o
                0x00002dbc                SystemInit
 .text          0x00002e7c      0x378 c:/renesas/ra/e2studio_v2022-01_fsp_v3.6.0/toolchains/gcc_arm/gcc-arm-none-eabi-10.3-2021.10/bin/../lib/gcc/arm-none-eabi/10.3.1/thumb/v8-m.main+fp/hard\libgcc.a(_arm_addsubdf3.o)
                0x00002e7c                __aeabi_drsub
                0x00002e84                __aeabi_dsub
                0x00002e84                __subdf3
                0x00002e88                __aeabi_dadd
                0x00002e88                __adddf3
                0x00003100                __floatunsidf
                0x00003100                __aeabi_ui2d
                0x00003120                __floatsidf
                0x00003120                __aeabi_i2d
                0x00003144                __aeabi_f2d
                0x00003144                __extendsfdf2
                0x00003188                __floatundidf
                0x00003188                __aeabi_ul2d
                0x00003198                __floatdidf
                0x00003198                __aeabi_l2d
 .text          0x000031f4      0x424 c:/renesas/ra/e2studio_v2022-01_fsp_v3.6.0/toolchains/gcc_arm/gcc-arm-none-eabi-10.3-2021.10/bin/../lib/gcc/arm-none-eabi/10.3.1/thumb/v8-m.main+fp/hard\libgcc.a(_arm_muldivdf3.o)
                0x000031f4                __aeabi_dmul
                0x000031f4                __muldf3
                0x00003448                __divdf3
                0x00003448                __aeabi_ddiv
 .text          0x00003618      0x110 c:/renesas/ra/e2studio_v2022-01_fsp_v3.6.0/toolchains/gcc_arm/gcc-arm-none-eabi-10.3-2021.10/bin/../lib/gcc/arm-none-eabi/10.3.1/thumb/v8-m.main+fp/hard\libgcc.a(_arm_cmpdf2.o)
                0x00003618                __gtdf2
                0x00003618                __gedf2
                0x00003620                __ltdf2
                0x00003620                __ledf2
                0x00003628                __nedf2
                0x00003628                __eqdf2
                0x00003628                __cmpdf2
                0x000036a4                __aeabi_cdrcmple
                0x000036b4                __aeabi_cdcmpeq
                0x000036b4                __aeabi_cdcmple
                0x000036c4                __aeabi_dcmpeq
                0x000036d8                __aeabi_dcmplt
                0x000036ec                __aeabi_dcmple
                0x00003700                __aeabi_dcmpge
                0x00003714                __aeabi_dcmpgt
 .text          0x00003728       0xa0 c:/renesas/ra/e2studio_v2022-01_fsp_v3.6.0/toolchains/gcc_arm/gcc-arm-none-eabi-10.3-2021.10/bin/../lib/gcc/arm-none-eabi/10.3.1/thumb/v8-m.main+fp/hard\libgcc.a(_arm_truncdfsf2.o)
                0x00003728                __truncdfsf2
                0x00003728                __aeabi_d2f
 .text.atoi     0x000037c8        0x8 c:/renesas/ra/e2studio_v2022-01_fsp_v3.6.0/toolchains/gcc_arm/gcc-arm-none-eabi-10.3-2021.10/bin/../lib/gcc/arm-none-eabi/10.3.1/../../../../arm-none-eabi/lib/thumb/v8-m.main+fp/hard\libg_nano.a(lib_a-atoi.o)
                0x000037c8                atoi
 .text.__errno  0x000037d0        0xc c:/renesas/ra/e2studio_v2022-01_fsp_v3.6.0/toolchains/gcc_arm/gcc-arm-none-eabi-10.3-2021.10/bin/../lib/gcc/arm-none-eabi/10.3.1/../../../../arm-none-eabi/lib/thumb/v8-m.main+fp/hard\libg_nano.a(lib_a-errno.o)
                0x000037d0                __errno
 .text.malloc   0x000037dc       0x10 c:/renesas/ra/e2studio_v2022-01_fsp_v3.6.0/toolchains/gcc_arm/gcc-arm-none-eabi-10.3-2021.10/bin/../lib/gcc/arm-none-eabi/10.3.1/../../../../arm-none-eabi/lib/thumb/v8-m.main+fp/hard\libg_nano.a(lib_a-malloc.o)
                0x000037dc                malloc
 .text.free     0x000037ec       0x10 c:/renesas/ra/e2studio_v2022-01_fsp_v3.6.0/toolchains/gcc_arm/gcc-arm-none-eabi-10.3-2021.10/bin/../lib/gcc/arm-none-eabi/10.3.1/../../../../arm-none-eabi/lib/thumb/v8-m.main+fp/hard\libg_nano.a(lib_a-malloc.o)
                0x000037ec                free
 .text.memcpy   0x000037fc       0x1a c:/renesas/ra/e2studio_v2022-01_fsp_v3.6.0/toolchains/gcc_arm/gcc-arm-none-eabi-10.3-2021.10/bin/../lib/gcc/arm-none-eabi/10.3.1/../../../../arm-none-eabi/lib/thumb/v8-m.main+fp/hard\libg_nano.a(lib_a-memcpy-stub.o)
                0x000037fc                memcpy
 .text.memset   0x00003816       0x10 c:/renesas/ra/e2studio_v2022-01_fsp_v3.6.0/toolchains/gcc_arm/gcc-arm-none-eabi-10.3-2021.10/bin/../lib/gcc/arm-none-eabi/10.3.1/../../../../arm-none-eabi/lib/thumb/v8-m.main+fp/hard\libg_nano.a(lib_a-memset.o)
                0x00003816                memset
 *fill*         0x00003826        0x2 ff
 .text._free_r  0x00003828       0x98 c:/renesas/ra/e2studio_v2022-01_fsp_v3.6.0/toolchains/gcc_arm/gcc-arm-none-eabi-10.3-2021.10/bin/../lib/gcc/arm-none-eabi/10.3.1/../../../../arm-none-eabi/lib/thumb/v8-m.main+fp/hard\libg_nano.a(lib_a-nano-freer.o)
                0x00003828                _free_r
 .text.sbrk_aligned
                0x000038c0       0x40 c:/renesas/ra/e2studio_v2022-01_fsp_v3.6.0/toolchains/gcc_arm/gcc-arm-none-eabi-10.3-2021.10/bin/../lib/gcc/arm-none-eabi/10.3.1/../../../../arm-none-eabi/lib/thumb/v8-m.main+fp/hard\libg_nano.a(lib_a-nano-mallocr.o)
 .text._malloc_r
                0x00003900       0xe8 c:/renesas/ra/e2studio_v2022-01_fsp_v3.6.0/toolchains/gcc_arm/gcc-arm-none-eabi-10.3-2021.10/bin/../lib/gcc/arm-none-eabi/10.3.1/../../../../arm-none-eabi/lib/thumb/v8-m.main+fp/hard\libg_nano.a(lib_a-nano-mallocr.o)
                0x00003900                _malloc_r
 .text._sbrk_r  0x000039e8       0x20 c:/renesas/ra/e2studio_v2022-01_fsp_v3.6.0/toolchains/gcc_arm/gcc-arm-none-eabi-10.3-2021.10/bin/../lib/gcc/arm-none-eabi/10.3.1/../../../../arm-none-eabi/lib/thumb/v8-m.main+fp/hard\libg_nano.a(lib_a-sbrkr.o)
                0x000039e8                _sbrk_r
 .text.strcpy   0x00003a08       0x10 c:/renesas/ra/e2studio_v2022-01_fsp_v3.6.0/toolchains/gcc_arm/gcc-arm-none-eabi-10.3-2021.10/bin/../lib/gcc/arm-none-eabi/10.3.1/../../../../arm-none-eabi/lib/thumb/v8-m.main+fp/hard\libg_nano.a(lib_a-strcpy.o)
                0x00003a08                strcpy
 .text          0x00003a18       0x10 c:/renesas/ra/e2studio_v2022-01_fsp_v3.6.0/toolchains/gcc_arm/gcc-arm-none-eabi-10.3-2021.10/bin/../lib/gcc/arm-none-eabi/10.3.1/../../../../arm-none-eabi/lib/thumb/v8-m.main+fp/hard\libg_nano.a(lib_a-strlen.o)
                0x00003a18                strlen
 .text.strtok   0x00003a28       0x68 c:/renesas/ra/e2studio_v2022-01_fsp_v3.6.0/toolchains/gcc_arm/gcc-arm-none-eabi-10.3-2021.10/bin/../lib/gcc/arm-none-eabi/10.3.1/../../../../arm-none-eabi/lib/thumb/v8-m.main+fp/hard\libg_nano.a(lib_a-strtok.o)
                0x00003a28                strtok
 .text.__strtok_r
                0x00003a90       0x50 c:/renesas/ra/e2studio_v2022-01_fsp_v3.6.0/toolchains/gcc_arm/gcc-arm-none-eabi-10.3-2021.10/bin/../lib/gcc/arm-none-eabi/10.3.1/../../../../arm-none-eabi/lib/thumb/v8-m.main+fp/hard\libg_nano.a(lib_a-strtok_r.o)
                0x00003a90                __strtok_r
 .text._strtol_l.constprop.0
                0x00003ae0      0x104 c:/renesas/ra/e2studio_v2022-01_fsp_v3.6.0/toolchains/gcc_arm/gcc-arm-none-eabi-10.3-2021.10/bin/../lib/gcc/arm-none-eabi/10.3.1/../../../../arm-none-eabi/lib/thumb/v8-m.main+fp/hard\libg_nano.a(lib_a-strtol.o)
 .text.strtol   0x00003be4       0x14 c:/renesas/ra/e2studio_v2022-01_fsp_v3.6.0/toolchains/gcc_arm/gcc-arm-none-eabi-10.3-2021.10/bin/../lib/gcc/arm-none-eabi/10.3.1/../../../../arm-none-eabi/lib/thumb/v8-m.main+fp/hard\libg_nano.a(lib_a-strtol.o)
                0x00003be4                strtol
 .text._vsprintf_r
                0x00003bf8       0x2c c:/renesas/ra/e2studio_v2022-01_fsp_v3.6.0/toolchains/gcc_arm/gcc-arm-none-eabi-10.3-2021.10/bin/../lib/gcc/arm-none-eabi/10.3.1/../../../../arm-none-eabi/lib/thumb/v8-m.main+fp/hard\libg_nano.a(lib_a-vsprintf.o)
                0x00003bf8                _vsprintf_r
                0x00003bf8                _vsiprintf_r
 .text.vsprintf
                0x00003c24       0x14 c:/renesas/ra/e2studio_v2022-01_fsp_v3.6.0/toolchains/gcc_arm/gcc-arm-none-eabi-10.3-2021.10/bin/../lib/gcc/arm-none-eabi/10.3.1/../../../../arm-none-eabi/lib/thumb/v8-m.main+fp/hard\libg_nano.a(lib_a-vsprintf.o)
                0x00003c24                vsiprintf
                0x00003c24                vsprintf
 .text.__retarget_lock_acquire_recursive
                0x00003c38        0x2 c:/renesas/ra/e2studio_v2022-01_fsp_v3.6.0/toolchains/gcc_arm/gcc-arm-none-eabi-10.3-2021.10/bin/../lib/gcc/arm-none-eabi/10.3.1/../../../../arm-none-eabi/lib/thumb/v8-m.main+fp/hard\libg_nano.a(lib_a-lock.o)
                0x00003c38                __retarget_lock_acquire_recursive
 .text.__retarget_lock_release_recursive
                0x00003c3a        0x2 c:/renesas/ra/e2studio_v2022-01_fsp_v3.6.0/toolchains/gcc_arm/gcc-arm-none-eabi-10.3-2021.10/bin/../lib/gcc/arm-none-eabi/10.3.1/../../../../arm-none-eabi/lib/thumb/v8-m.main+fp/hard\libg_nano.a(lib_a-lock.o)
                0x00003c3a                __retarget_lock_release_recursive
 .text.__malloc_lock
                0x00003c3c        0xc c:/renesas/ra/e2studio_v2022-01_fsp_v3.6.0/toolchains/gcc_arm/gcc-arm-none-eabi-10.3-2021.10/bin/../lib/gcc/arm-none-eabi/10.3.1/../../../../arm-none-eabi/lib/thumb/v8-m.main+fp/hard\libg_nano.a(lib_a-mlock.o)
                0x00003c3c                __malloc_lock
 .text.__malloc_unlock
                0x00003c48        0xc c:/renesas/ra/e2studio_v2022-01_fsp_v3.6.0/toolchains/gcc_arm/gcc-arm-none-eabi-10.3-2021.10/bin/../lib/gcc/arm-none-eabi/10.3.1/../../../../arm-none-eabi/lib/thumb/v8-m.main+fp/hard\libg_nano.a(lib_a-mlock.o)
                0x00003c48                __malloc_unlock
 .text.__ssputs_r
                0x00003c54       0xb6 c:/renesas/ra/e2studio_v2022-01_fsp_v3.6.0/toolchains/gcc_arm/gcc-arm-none-eabi-10.3-2021.10/bin/../lib/gcc/arm-none-eabi/10.3.1/../../../../arm-none-eabi/lib/thumb/v8-m.main+fp/hard\libg_nano.a(lib_a-nano-svfprintf.o)
                0x00003c54                __ssputs_r
 *fill*         0x00003d0a        0x2 ff
 .text._svfprintf_r
                0x00003d0c      0x200 c:/renesas/ra/e2studio_v2022-01_fsp_v3.6.0/toolchains/gcc_arm/gcc-arm-none-eabi-10.3-2021.10/bin/../lib/gcc/arm-none-eabi/10.3.1/../../../../arm-none-eabi/lib/thumb/v8-m.main+fp/hard\libg_nano.a(lib_a-nano-svfprintf.o)
                0x00003d0c                _svfiprintf_r
                0x00003d0c                _svfprintf_r
 .text._printf_common
                0x00003f0c       0xe0 c:/renesas/ra/e2studio_v2022-01_fsp_v3.6.0/toolchains/gcc_arm/gcc-arm-none-eabi-10.3-2021.10/bin/../lib/gcc/arm-none-eabi/10.3.1/../../../../arm-none-eabi/lib/thumb/v8-m.main+fp/hard\libg_nano.a(lib_a-nano-vfprintf_i.o)
                0x00003f0c                _printf_common
 .text._printf_i
                0x00003fec      0x24c c:/renesas/ra/e2studio_v2022-01_fsp_v3.6.0/toolchains/gcc_arm/gcc-arm-none-eabi-10.3-2021.10/bin/../lib/gcc/arm-none-eabi/10.3.1/../../../../arm-none-eabi/lib/thumb/v8-m.main+fp/hard\libg_nano.a(lib_a-nano-vfprintf_i.o)
                0x00003fec                _printf_i
 .text.memchr   0x00004238       0x1c c:/renesas/ra/e2studio_v2022-01_fsp_v3.6.0/toolchains/gcc_arm/gcc-arm-none-eabi-10.3-2021.10/bin/../lib/gcc/arm-none-eabi/10.3.1/../../../../arm-none-eabi/lib/thumb/v8-m.main+fp/hard\libg_nano.a(lib_a-memchr-stub.o)
                0x00004238                memchr
 .text.memmove  0x00004254       0x34 c:/renesas/ra/e2studio_v2022-01_fsp_v3.6.0/toolchains/gcc_arm/gcc-arm-none-eabi-10.3-2021.10/bin/../lib/gcc/arm-none-eabi/10.3.1/../../../../arm-none-eabi/lib/thumb/v8-m.main+fp/hard\libg_nano.a(lib_a-memmove.o)
                0x00004254                memmove
 .text._realloc_r
                0x00004288       0x5e c:/renesas/ra/e2studio_v2022-01_fsp_v3.6.0/toolchains/gcc_arm/gcc-arm-none-eabi-10.3-2021.10/bin/../lib/gcc/arm-none-eabi/10.3.1/../../../../arm-none-eabi/lib/thumb/v8-m.main+fp/hard\libg_nano.a(lib_a-nano-reallocr.o)
                0x00004288                _realloc_r
 .text._malloc_usable_size_r
                0x000042e6       0x10 c:/renesas/ra/e2studio_v2022-01_fsp_v3.6.0/toolchains/gcc_arm/gcc-arm-none-eabi-10.3-2021.10/bin/../lib/gcc/arm-none-eabi/10.3.1/../../../../arm-none-eabi/lib/thumb/v8-m.main+fp/hard\libg_nano.a(lib_a-nano-msizer.o)
                0x000042e6                _malloc_usable_size_r
 *(.version)
 *fill*         0x000042f6        0x2 ff
 .version       0x000042f8       0x50 ./ra/fsp/src/bsp/mcu/all/bsp_common.o
 *(.init)
 .init          0x00004348        0x4 c:/renesas/ra/e2studio_v2022-01_fsp_v3.6.0/toolchains/gcc_arm/gcc-arm-none-eabi-10.3-2021.10/bin/../lib/gcc/arm-none-eabi/10.3.1/thumb/v8-m.main+fp/hard/crti.o
                0x00004348                _init
 .init          0x0000434c        0x8 c:/renesas/ra/e2studio_v2022-01_fsp_v3.6.0/toolchains/gcc_arm/gcc-arm-none-eabi-10.3-2021.10/bin/../lib/gcc/arm-none-eabi/10.3.1/thumb/v8-m.main+fp/hard/crtn.o
 *(.fini)
 .fini          0x00004354        0x4 c:/renesas/ra/e2studio_v2022-01_fsp_v3.6.0/toolchains/gcc_arm/gcc-arm-none-eabi-10.3-2021.10/bin/../lib/gcc/arm-none-eabi/10.3.1/thumb/v8-m.main+fp/hard/crti.o
                0x00004354                _fini
 .fini          0x00004358        0x8 c:/renesas/ra/e2studio_v2022-01_fsp_v3.6.0/toolchains/gcc_arm/gcc-arm-none-eabi-10.3-2021.10/bin/../lib/gcc/arm-none-eabi/10.3.1/thumb/v8-m.main+fp/hard/crtn.o
 *crtbegin.o(.ctors)
 *crtbegin?.o(.ctors)
 *(EXCLUDE_FILE(*crtend.o *crtend?.o) .ctors)
 *(SORT_BY_NAME(.ctors.*))
 *(.ctors)
 *crtbegin.o(.dtors)
 *crtbegin?.o(.dtors)
 *(EXCLUDE_FILE(*crtend.o *crtend?.o) .dtors)
 *(SORT_BY_NAME(.dtors.*))
 *(.dtors)
 *(.rodata*)
 .rodata.process_handle.str1.4
                0x00004360       0x2a ./src/test/test.o
                                 0x2e (size before relaxing)
 *fill*         0x0000438a        0x2 ff
 .rodata.hal_entry.str1.4
                0x0000438c        0xf ./src/test/test.o
 *fill*         0x0000439b        0x1 ff
 .rodata.derivative_lut_values
                0x0000439c      0x324 ./src/service/soc_ukf/battery_model.o
 .rodata.ocv_lut_values
                0x000046c0      0x324 ./src/service/soc_ukf/battery_model.o
 .rodata.soc_lut_values
                0x000049e4      0x324 ./src/service/soc_ukf/battery_model.o
 .rodata.c_weight
                0x00004d08       0x1c ./src/service/soc_ukf/soc_ukf.o
 .rodata.cross_cov
                0x00004d24        0x8 ./src/service/soc_ukf/soc_ukf.o
 .rodata.default_state_covariance
                0x00004d2c       0x24 ./src/service/soc_ukf/soc_ukf.o
 .rodata.default_system_covariance
                0x00004d50       0x24 ./src/service/soc_ukf/soc_ukf.o
 .rodata.est_state
                0x00004d74        0x8 ./src/service/soc_ukf/soc_ukf.o
 .rodata.g1_create_sigma_point
                0x00004d7c        0x8 ./src/service/soc_ukf/soc_ukf.o
 .rodata.g2_create_sigma_point
                0x00004d84        0x8 ./src/service/soc_ukf/soc_ukf.o
 .rodata.g_update_measurement_cov
                0x00004d8c        0x8 ./src/service/soc_ukf/soc_ukf.o
 .rodata.g_update_sigma_measurement
                0x00004d94        0x8 ./src/service/soc_ukf/soc_ukf.o
 .rodata.g_update_sigma_state
                0x00004d9c        0x8 ./src/service/soc_ukf/soc_ukf.o
 .rodata.kalman_gain
                0x00004da4        0x8 ./src/service/soc_ukf/soc_ukf.o
 .rodata.m1_update_cross_cov
                0x00004dac        0x8 ./src/service/soc_ukf/soc_ukf.o
 .rodata.m1_update_state_cov
                0x00004db4        0x8 ./src/service/soc_ukf/soc_ukf.o
 .rodata.m2_update_state_cov
                0x00004dbc        0x8 ./src/service/soc_ukf/soc_ukf.o
 .rodata.m3_update_state_cov
                0x00004dc4        0x8 ./src/service/soc_ukf/soc_ukf.o
 .rodata.m_update_sigma_state
                0x00004dcc        0x8 ./src/service/soc_ukf/soc_ukf.o
 .rodata.m_update_state
                0x00004dd4        0x8 ./src/service/soc_ukf/soc_ukf.o
 .rodata.m_update_state_cov
                0x00004ddc        0x8 ./src/service/soc_ukf/soc_ukf.o
 .rodata.m_weight_matrix
                0x00004de4        0x8 ./src/service/soc_ukf/soc_ukf.o
                0x00004de4                m_weight_matrix
 .rodata.matrix_A
                0x00004dec        0x8 ./src/service/soc_ukf/soc_ukf.o
 .rodata.matrix_B
                0x00004df4        0x8 ./src/service/soc_ukf/soc_ukf.o
 .rodata.matrix_C
                0x00004dfc        0x8 ./src/service/soc_ukf/soc_ukf.o
 .rodata.matrix_D
                0x00004e04        0x8 ./src/service/soc_ukf/soc_ukf.o
 .rodata.observed_measurement
                0x00004e0c        0x8 ./src/service/soc_ukf/soc_ukf.o
 .rodata.priori_est_state
                0x00004e14        0x8 ./src/service/soc_ukf/soc_ukf.o
 .rodata.sigma_measurement_err
                0x00004e1c        0x8 ./src/service/soc_ukf/soc_ukf.o
 .rodata.sigma_measurements
                0x00004e24        0x8 ./src/service/soc_ukf/soc_ukf.o
 .rodata.sigma_points
                0x00004e2c        0x8 ./src/service/soc_ukf/soc_ukf.o
 .rodata.sigma_state_err
                0x00004e34        0x8 ./src/service/soc_ukf/soc_ukf.o
 .rodata.state_cov
                0x00004e3c        0x8 ./src/service/soc_ukf/soc_ukf.o
 .rodata.t_update_state_cov
                0x00004e44        0x8 ./src/service/soc_ukf/soc_ukf.o
 .rodata.vffrls_covariance_default
                0x00004e4c       0x40 ./src/service/soc_ukf/soc_vffrls.o
                0x00004e4c                vffrls_covariance_default
 .rodata.g_ioport
                0x00004e8c        0xc ./ra_gen/common_data.o
                0x00004e8c                g_ioport
 .rodata.g_uart0_cfg
                0x00004e98       0x20 ./ra_gen/hal_data.o
                0x00004e98                g_uart0_cfg
 .rodata.g_uart0_cfg_extend
                0x00004eb8       0x14 ./ra_gen/hal_data.o
                0x00004eb8                g_uart0_cfg_extend
 .rodata.g_bsp_pin_cfg
                0x00004ecc        0x8 ./ra_gen/pin_data.o
                0x00004ecc                g_bsp_pin_cfg
 .rodata.g_bsp_pin_cfg_data
                0x00004ed4       0x68 ./ra_gen/pin_data.o
                0x00004ed4                g_bsp_pin_cfg_data
 .rodata.g_interrupt_event_link_select
                0x00004f3c       0xc0 ./ra_gen/vector_data.o
                0x00004f3c                g_interrupt_event_link_select
 .rodata.g_ioport_on_ioport
                0x00004ffc       0x38 ./ra/fsp/src/r_ioport/r_ioport.o
                0x00004ffc                g_ioport_on_ioport
 .rodata.g_prcr_masks
                0x00005034        0x8 ./ra/fsp/src/bsp/mcu/all/bsp_register_protection.o
 .rodata.strtok.str1.1
                0x0000503c       0x97 c:/renesas/ra/e2studio_v2022-01_fsp_v3.6.0/toolchains/gcc_arm/gcc-arm-none-eabi-10.3-2021.10/bin/../lib/gcc/arm-none-eabi/10.3.1/../../../../arm-none-eabi/lib/thumb/v8-m.main+fp/hard\libg_nano.a(lib_a-strtok.o)
 .rodata._ctype_
                0x000050d3      0x101 c:/renesas/ra/e2studio_v2022-01_fsp_v3.6.0/toolchains/gcc_arm/gcc-arm-none-eabi-10.3-2021.10/bin/../lib/gcc/arm-none-eabi/10.3.1/../../../../arm-none-eabi/lib/thumb/v8-m.main+fp/hard\libg_nano.a(lib_a-ctype_.o)
                0x000050d3                _ctype_
 .rodata.__sf_fake_stderr
                0x000051d4       0x20 c:/renesas/ra/e2studio_v2022-01_fsp_v3.6.0/toolchains/gcc_arm/gcc-arm-none-eabi-10.3-2021.10/bin/../lib/gcc/arm-none-eabi/10.3.1/../../../../arm-none-eabi/lib/thumb/v8-m.main+fp/hard\libg_nano.a(lib_a-findfp.o)
                0x000051d4                __sf_fake_stderr
 .rodata.__sf_fake_stdin
                0x000051f4       0x20 c:/renesas/ra/e2studio_v2022-01_fsp_v3.6.0/toolchains/gcc_arm/gcc-arm-none-eabi-10.3-2021.10/bin/../lib/gcc/arm-none-eabi/10.3.1/../../../../arm-none-eabi/lib/thumb/v8-m.main+fp/hard\libg_nano.a(lib_a-findfp.o)
                0x000051f4                __sf_fake_stdin
 .rodata.__sf_fake_stdout
                0x00005214       0x20 c:/renesas/ra/e2studio_v2022-01_fsp_v3.6.0/toolchains/gcc_arm/gcc-arm-none-eabi-10.3-2021.10/bin/../lib/gcc/arm-none-eabi/10.3.1/../../../../arm-none-eabi/lib/thumb/v8-m.main+fp/hard\libg_nano.a(lib_a-findfp.o)
                0x00005214                __sf_fake_stdout
 .rodata._svfprintf_r.str1.1
                0x00005234       0x11 c:/renesas/ra/e2studio_v2022-01_fsp_v3.6.0/toolchains/gcc_arm/gcc-arm-none-eabi-10.3-2021.10/bin/../lib/gcc/arm-none-eabi/10.3.1/../../../../arm-none-eabi/lib/thumb/v8-m.main+fp/hard\libg_nano.a(lib_a-nano-svfprintf.o)
 .rodata._printf_i.str1.1
                0x00005245       0x22 c:/renesas/ra/e2studio_v2022-01_fsp_v3.6.0/toolchains/gcc_arm/gcc-arm-none-eabi-10.3-2021.10/bin/../lib/gcc/arm-none-eabi/10.3.1/../../../../arm-none-eabi/lib/thumb/v8-m.main+fp/hard\libg_nano.a(lib_a-nano-vfprintf_i.o)
                0x00005267                __usb_dev_descriptor_start_fs = .
 *(.usb_device_desc_fs*)
                0x00005267                __usb_cfg_descriptor_start_fs = .
 *(.usb_config_desc_fs*)
                0x00005267                __usb_interface_descriptor_start_fs = .
 *(.usb_interface_desc_fs*)
                0x00005267                __usb_descriptor_end_fs = .
                0x00005267                __usb_dev_descriptor_start_hs = .
 *(.usb_device_desc_hs*)
                0x00005267                __usb_cfg_descriptor_start_hs = .
 *(.usb_config_desc_hs*)
                0x00005267                __usb_interface_descriptor_start_hs = .
 *(.usb_interface_desc_hs*)
                0x00005267                __usb_descriptor_end_hs = .
 *(.eh_frame*)
 *fill*         0x00005267        0x1 ff
 .eh_frame      0x00005268        0x0 c:/renesas/ra/e2studio_v2022-01_fsp_v3.6.0/toolchains/gcc_arm/gcc-arm-none-eabi-10.3-2021.10/bin/../lib/gcc/arm-none-eabi/10.3.1/thumb/v8-m.main+fp/hard/crtbegin.o
 .eh_frame      0x00005268        0x4 c:/renesas/ra/e2studio_v2022-01_fsp_v3.6.0/toolchains/gcc_arm/gcc-arm-none-eabi-10.3-2021.10/bin/../lib/gcc/arm-none-eabi/10.3.1/thumb/v8-m.main+fp/hard/crtend.o
                0x0000526c                __ROM_End = .
                0x000001c0                __Vectors_Size = (__Vectors_End - __Vectors)

.glue_7         0x0000526c        0x0
 .glue_7        0x0000526c        0x0 linker stubs

.glue_7t        0x0000526c        0x0
 .glue_7t       0x0000526c        0x0 linker stubs

.vfp11_veneer   0x0000526c        0x0
 .vfp11_veneer  0x0000526c        0x0 linker stubs

.v4_bx          0x0000526c        0x0
 .v4_bx         0x0000526c        0x0 linker stubs

.iplt           0x0000526c        0x0
 .iplt          0x0000526c        0x0 c:/renesas/ra/e2studio_v2022-01_fsp_v3.6.0/toolchains/gcc_arm/gcc-arm-none-eabi-10.3-2021.10/bin/../lib/gcc/arm-none-eabi/10.3.1/thumb/v8-m.main+fp/hard/crtbegin.o

.ARM.extab
 *(.ARM.extab* .gnu.linkonce.armextab.*)
                0x0000526c                __exidx_start = .

.ARM.exidx
 *(.ARM.exidx* .gnu.linkonce.armexidx.*)
                0x0000526c                __exidx_end = .
                0x0000526c                __etext = .
                0x20000000                __tz_RAM_S = ORIGIN (RAM)

.fsp_dtc_vector_table
                0x20000000        0x0
                0x20000000                . = ORIGIN (RAM)
 *(.fsp_dtc_vector_table)

.data           0x20000000       0x94 load address 0x0000526c
                0x20000000                __data_start__ = .
                0x20000000                . = ALIGN (0x4)
                0x20000000                __Code_In_RAM_Start = .
 *(.code_in_ram*)
                0x20000000                __Code_In_RAM_End = .
 *(vtable)
 *(.data.*)
 .data.tx_complete
                0x20000000        0x1 ./src/test/test.o
                0x20000000                tx_complete
 *fill*         0x20000001        0x3 
 .data.m_weight
                0x20000004       0x1c ./src/service/soc_ukf/soc_ukf.o
 .data.soc_update_cnt_10ms
                0x20000020        0x4 ./src/service/soc_ukf/soc_ukf.o
 .data.g_uart0_baud_setting
                0x20000024        0x4 ./ra_gen/hal_data.o
                0x20000024                g_uart0_baud_setting
 .data._impure_ptr
                0x20000028        0x4 c:/renesas/ra/e2studio_v2022-01_fsp_v3.6.0/toolchains/gcc_arm/gcc-arm-none-eabi-10.3-2021.10/bin/../lib/gcc/arm-none-eabi/10.3.1/../../../../arm-none-eabi/lib/thumb/v8-m.main+fp/hard\libg_nano.a(lib_a-impure.o)
                0x20000028                _impure_ptr
 .data.impure_data
                0x2000002c       0x60 c:/renesas/ra/e2studio_v2022-01_fsp_v3.6.0/toolchains/gcc_arm/gcc-arm-none-eabi-10.3-2021.10/bin/../lib/gcc/arm-none-eabi/10.3.1/../../../../arm-none-eabi/lib/thumb/v8-m.main+fp/hard\libg_nano.a(lib_a-impure.o)
 *(.data)
                0x2000008c                . = ALIGN (0x4)
                0x2000008c                PROVIDE (__preinit_array_start = .)
 *(.preinit_array)
                0x2000008c                PROVIDE (__preinit_array_end = .)
                0x2000008c                . = ALIGN (0x4)
                0x2000008c                PROVIDE (__init_array_start = .)
 *(SORT_BY_NAME(.init_array.*))
 *(.init_array)
 .init_array    0x2000008c        0x4 c:/renesas/ra/e2studio_v2022-01_fsp_v3.6.0/toolchains/gcc_arm/gcc-arm-none-eabi-10.3-2021.10/bin/../lib/gcc/arm-none-eabi/10.3.1/thumb/v8-m.main+fp/hard/crtbegin.o
                0x20000090                PROVIDE (__init_array_end = .)
                0x20000090                . = ALIGN (0x4)
                [!provide]                PROVIDE (__fini_array_start = .)
 *(SORT_BY_NAME(.fini_array.*))
 *(.fini_array)
 .fini_array    0x20000090        0x4 c:/renesas/ra/e2studio_v2022-01_fsp_v3.6.0/toolchains/gcc_arm/gcc-arm-none-eabi-10.3-2021.10/bin/../lib/gcc/arm-none-eabi/10.3.1/thumb/v8-m.main+fp/hard/crtbegin.o
                [!provide]                PROVIDE (__fini_array_end = .)
 *(.jcr*)
                0x20000094                . = ALIGN (0x4)
                0x20000094                __data_end__ = .

.igot.plt       0x20000094        0x0 load address 0x00005300
 .igot.plt      0x20000094        0x0 c:/renesas/ra/e2studio_v2022-01_fsp_v3.6.0/toolchains/gcc_arm/gcc-arm-none-eabi-10.3-2021.10/bin/../lib/gcc/arm-none-eabi/10.3.1/thumb/v8-m.main+fp/hard/crtbegin.o

.gnu.sgstubs    0x00005400        0x0
                0x00005400                . = (DEFINED (PROJECT_SECURE) && DEFINED (FLASH_NSC_START))?ABSOLUTE (FLASH_NSC_START):ALIGN (0x400)
                0x00005400                __tz_FLASH_C = DEFINED (FLASH_NSC_START)?ABSOLUTE (FLASH_NSC_START):__RESERVE_NS_RAM?ABSOLUTE ((FLASH_START + FLASH_LENGTH)):ALIGN (0x400)
                0x00005400                _start_sg = .
 *(.gnu.sgstubs*)
                0x00005400                . = ALIGN (0x20)
                0x00005400                _end_sg = .
                0x00008000                __tz_FLASH_N = DEFINED (FLASH_NS_START)?ABSOLUTE (FLASH_NS_START):__RESERVE_NS_RAM?ABSOLUTE ((FLASH_START + FLASH_LENGTH)):(FLASH_LENGTH < 0x8000)?FLASH_LENGTH:ALIGN (0x8000)
                0x00008000                FLASH_NS_IMAGE_START = DEFINED (FLASH_NS_IMAGE_START)?FLASH_NS_IMAGE_START:__tz_FLASH_N
                0x60000000                __tz_QSPI_FLASH_S = ORIGIN (QSPI_FLASH)

.qspi_flash     0x60000000        0x0
                0x60000000                __qspi_flash_start__ = .
 *(.qspi_flash*)
 *(.code_in_qspi*)
                0x60000000                __qspi_flash_end__ = .
                0x00000000                __qspi_flash_code_size__ = (__qspi_flash_end__ - __qspi_flash_start__)
                0x00005300                __qspi_flash_code_addr__ = (__etext + (__data_end__ - __data_start__))

.qspi_non_retentive
                0x60000000        0x0 load address 0x00005300
                0x60000000                __qspi_non_retentive_start__ = .
 *(.qspi_non_retentive*)
                0x60000000                __qspi_non_retentive_end__ = .
                0x00000000                __qspi_non_retentive_size__ = (__qspi_non_retentive_end__ - __qspi_non_retentive_start__)
                0x04000000                __qspi_region_max_size__ = 0x4000000
                0x60000000                __qspi_region_start_address__ = __qspi_flash_start__
                0x64000000                __qspi_region_end_address__ = (__qspi_flash_start__ + __qspi_region_max_size__)
                0x60000000                __tz_QSPI_FLASH_N = __qspi_non_retentive_end__

.OSPI_DEVICE_0_NO_LOAD
                0x68000000        0x0
                0x68000000                . = ALIGN (0x4)
                0x68000000                __ospi_device_0_start__ = .
 *(.ospi_device_0_no_load*)
                0x68000000                . = ALIGN (0x4)
                0x68000000                __ospi_device_0_end__ = .

.OSPI_DEVICE_1_NO_LOAD
                0x70000000        0x0
                0x70000000                . = ALIGN (0x4)
                0x70000000                __ospi_device_1_start__ = .
 *(.ospi_device_1_no_load*)
                0x70000000                . = ALIGN (0x4)
                0x70000000                __ospi_device_1_end__ = .
                0x68000000                __tz_OSPI_DEVICE_0_S = ORIGIN (OSPI_DEVICE_0)

.OSPI_DEVICE_0  0x68000000        0x0
                0x68000000                __ospi_device_0_start__ = .
 *(.ospi_device_0*)
 *(.code_in_ospi_device_0*)
                0x68000000                __ospi_device_0_end__ = .
                0x00000000                __ospi_device_0_code_size__ = (__ospi_device_0_end__ - __ospi_device_0_start__)
                0x00005300                __ospi_device_0_code_addr__ = (__etext + (__data_end__ - __data_start__))

.ospi_device_0_non_retentive
                0x68000000        0x0 load address 0x00005300
                0x68000000                __ospi_device_0_non_retentive_start__ = .
 *(.ospi_device_0_non_retentive*)
                0x68000000                __ospi_device_0_non_retentive_end__ = .
                0x00000000                __ospi_device_0_non_retentive_size__ = (__ospi_device_0_non_retentive_end__ - __ospi_device_0_non_retentive_start__)
                0x08000000                __ospi_device_0_region_max_size__ = 0x8000000
                0x68000000                __ospi_device_0_region_start_address__ = __ospi_device_0_start__
                0x70000000                __ospi_device_0_region_end_address__ = (__ospi_device_0_start__ + __ospi_device_0_region_max_size__)
                0x68000000                __tz_OSPI_DEVICE_0_N = __ospi_device_0_non_retentive_end__
                0x70000000                __tz_OSPI_DEVICE_1_S = ORIGIN (OSPI_DEVICE_1)

.OSPI_DEVICE_1  0x70000000        0x0
                0x70000000                __ospi_device_1_start__ = .
 *(.ospi_device_1*)
 *(.code_in_ospi_device_1*)
                0x70000000                __ospi_device_1_end__ = .
                0x00000000                __ospi_device_1_code_size__ = (__ospi_device_1_end__ - __ospi_device_1_start__)
                0x00005300                __ospi_device_1_code_addr__ = (__etext + (__data_end__ - __data_start__))

.ospi_device_1_non_retentive
                0x70000000        0x0 load address 0x00005300
                0x70000000                __ospi_device_1_non_retentive_start__ = .
 *(.ospi_device_1_non_retentive*)
                0x70000000                __ospi_device_1_non_retentive_end__ = .
                0x00000000                __ospi_device_1_non_retentive_size__ = (__ospi_device_1_non_retentive_end__ - __ospi_device_1_non_retentive_start__)
                0x10000000                __ospi_device_1_region_max_size__ = 0x10000000
                0x70000000                __ospi_device_1_region_start_address__ = __ospi_device_1_start__
                0x80000000                __ospi_device_1_region_end_address__ = (__ospi_device_1_start__ + __ospi_device_1_region_max_size__)
                0x70000000                __tz_OSPI_DEVICE_1_N = __ospi_device_1_non_retentive_end__

.noinit         0x20000094       0x1c
                0x20000094                . = ALIGN (0x4)
                0x20000094                __noinit_start = .
 *(.noinit*)
 .noinit        0x20000094       0x1c ./ra/fsp/src/bsp/mcu/all/bsp_clocks.o
                0x200000b0                . = ALIGN (0x8)
 *(.heap.*)
                0x200000b0                __noinit_end = .

.bss            0x200000b0      0xcb8
                0x200000b0                . = ALIGN (0x4)
                0x200000b0                __bss_start__ = .
 *(.bss*)
 .bss           0x200000b0       0x1c c:/renesas/ra/e2studio_v2022-01_fsp_v3.6.0/toolchains/gcc_arm/gcc-arm-none-eabi-10.3-2021.10/bin/../lib/gcc/arm-none-eabi/10.3.1/thumb/v8-m.main+fp/hard/crtbegin.o
 .bss.buff_handle
                0x200000cc      0x200 ./src/test/test.o
                0x200000cc                buff_handle
 .bss.buff_soc  0x200002cc        0xc ./src/test/test.o
                0x200002cc                buff_soc
 .bss.buff_tx   0x200002d8      0x400 ./src/test/test.o
                0x200002d8                buff_tx
 .bss.err       0x200006d8        0x4 ./src/test/test.o
                0x200006d8                err
 .bss.len_handle
                0x200006dc        0x4 ./src/test/test.o
                0x200006dc                len_handle
 .bss.uart_rx_buff
                0x200006e0       0x18 ./src/test/test.o
                0x200006e0                uart_rx_buff
 .bss.uart_tx_buff
                0x200006f8       0x80 ./src/test/test.o
                0x200006f8                uart_tx_buff
 .bss.H_param   0x20000778        0x4 ./src/service/soc_ukf/soc_ukf.o
                0x20000778                H_param
 .bss.RC_param  0x2000077c        0x4 ./src/service/soc_ukf/soc_ukf.o
                0x2000077c                RC_param
 .bss.aukf_kalman_gain_entries
                0x20000780        0xc ./src/service/soc_ukf/soc_ukf.o
                0x20000780                aukf_kalman_gain_entries
 .bss.bms_soc   0x2000078c       0x20 ./src/service/soc_ukf/soc_ukf.o
 .bss.cell_current
                0x200007ac        0x4 ./src/service/soc_ukf/soc_ukf.o
                0x200007ac                cell_current
 .bss.cell_voltage
                0x200007b0        0x4 ./src/service/soc_ukf/soc_ukf.o
                0x200007b0                cell_voltage
 .bss.cross_covariance_entries
                0x200007b4        0xc ./src/service/soc_ukf/soc_ukf.o
                0x200007b4                cross_covariance_entries
 .bss.est_measurement
                0x200007c0        0x4 ./src/service/soc_ukf/soc_ukf.o
                0x200007c0                est_measurement
 .bss.estimate_state_entries
                0x200007c4        0xc ./src/service/soc_ukf/soc_ukf.o
                0x200007c4                estimate_state_entries
 .bss.eta       0x200007d0        0x4 ./src/service/soc_ukf/soc_ukf.o
 .bss.g1_create_sigma_point_entries
                0x200007d4       0x24 ./src/service/soc_ukf/soc_ukf.o
 .bss.g2_create_sigma_point_entries
                0x200007f8       0x24 ./src/service/soc_ukf/soc_ukf.o
 .bss.g_update_measurement_covariance_entries
                0x2000081c       0x1c ./src/service/soc_ukf/soc_ukf.o
 .bss.g_update_sigma_measurement_entries
                0x20000838       0x1c ./src/service/soc_ukf/soc_ukf.o
 .bss.g_update_sigma_state_entries
                0x20000854       0x54 ./src/service/soc_ukf/soc_ukf.o
 .bss.m1_time_update_state_covariance_entries
                0x200008a8        0xc ./src/service/soc_ukf/soc_ukf.o
 .bss.m1_update_cross_covariance_entries
                0x200008b4        0xc ./src/service/soc_ukf/soc_ukf.o
 .bss.m2_time_update_state_covariance_entries
                0x200008c0        0xc ./src/service/soc_ukf/soc_ukf.o
 .bss.m3_time_update_state_covariance_entries
                0x200008cc       0x24 ./src/service/soc_ukf/soc_ukf.o
 .bss.m_update_sigma_state_entries
                0x200008f0        0xc ./src/service/soc_ukf/soc_ukf.o
 .bss.m_update_state_covariance_entries
                0x200008fc       0x24 ./src/service/soc_ukf/soc_ukf.o
 .bss.m_update_state_entries
                0x20000920        0xc ./src/service/soc_ukf/soc_ukf.o
 .bss.matrix_A_entries
                0x2000092c       0x24 ./src/service/soc_ukf/soc_ukf.o
                0x2000092c                matrix_A_entries
 .bss.matrix_B_entries
                0x20000950       0x18 ./src/service/soc_ukf/soc_ukf.o
                0x20000950                matrix_B_entries
 .bss.matrix_C_entries
                0x20000968        0xc ./src/service/soc_ukf/soc_ukf.o
                0x20000968                matrix_C_entries
 .bss.matrix_D_entries
                0x20000974        0x8 ./src/service/soc_ukf/soc_ukf.o
                0x20000974                matrix_D_entries
 .bss.measurement_cov
                0x2000097c        0x4 ./src/service/soc_ukf/soc_ukf.o
                0x2000097c                measurement_cov
 .bss.observed_measurement_entries
                0x20000980        0x8 ./src/service/soc_ukf/soc_ukf.o
                0x20000980                observed_measurement_entries
 .bss.priori_estimate_state_entries
                0x20000988        0xc ./src/service/soc_ukf/soc_ukf.o
                0x20000988                priori_estimate_state_entries
 .bss.sigma_measurement_error_entries
                0x20000994       0x1c ./src/service/soc_ukf/soc_ukf.o
                0x20000994                sigma_measurement_error_entries
 .bss.sigma_measurements_entries
                0x200009b0       0x1c ./src/service/soc_ukf/soc_ukf.o
                0x200009b0                sigma_measurements_entries
 .bss.sigma_points_entries
                0x200009cc       0x54 ./src/service/soc_ukf/soc_ukf.o
                0x200009cc                sigma_points_entries
 .bss.sigma_state_error_entries
                0x20000a20       0x54 ./src/service/soc_ukf/soc_ukf.o
                0x20000a20                sigma_state_error_entries
 .bss.soc_input
                0x20000a74        0x8 ./src/service/soc_ukf/soc_ukf.o
                0x20000a74                soc_input
 .bss.soc_output
                0x20000a7c       0x18 ./src/service/soc_ukf/soc_ukf.o
                0x20000a7c                soc_output
 .bss.soc_sleep_cnt_10ms
                0x20000a94        0x4 ./src/service/soc_ukf/soc_ukf.o
 .bss.state_covariance_entries
                0x20000a98       0x24 ./src/service/soc_ukf/soc_ukf.o
                0x20000a98                state_covariance_entries
 .bss.t_update_state_covariance_entries
                0x20000abc        0xc ./src/service/soc_ukf/soc_ukf.o
 .bss.battery_param
                0x20000ac8        0xc ./src/service/soc_ukf/soc_vffrls.o
                0x20000ac8                battery_param
 .bss.covariance
                0x20000ad4       0x40 ./src/service/soc_ukf/soc_vffrls.o
 .bss.errorVoltage
                0x20000b14        0x4 ./src/service/soc_ukf/soc_vffrls.o
 .bss.kalmanGain
                0x20000b18       0x10 ./src/service/soc_ukf/soc_vffrls.o
 .bss.phi       0x20000b28       0x10 ./src/service/soc_ukf/soc_vffrls.o
 .bss.priorVoltage
                0x20000b38        0x4 ./src/service/soc_ukf/soc_vffrls.o
 .bss.theta     0x20000b3c       0x10 ./src/service/soc_ukf/soc_vffrls.o
 .bss.g_ioport_ctrl
                0x20000b4c        0x8 ./ra_gen/common_data.o
                0x20000b4c                g_ioport_ctrl
 .bss.g_uart0_ctrl
                0x20000b54       0x30 ./ra_gen/hal_data.o
                0x20000b54                g_uart0_ctrl
 .bss.g_bsp_group_irq_sources
                0x20000b84       0x40 ./ra/fsp/src/bsp/mcu/all/bsp_group_irq.o
                0x20000b84                g_bsp_group_irq_sources
 .bss.g_protect_pfswe_counter
                0x20000bc4        0x4 ./ra/fsp/src/bsp/mcu/all/bsp_io.o
                0x20000bc4                g_protect_pfswe_counter
 .bss.gp_renesas_isr_context
                0x20000bc8      0x180 ./ra/fsp/src/bsp/mcu/all/bsp_irq.o
                0x20000bc8                gp_renesas_isr_context
 .bss.g_protect_counters
                0x20000d48        0x8 ./ra/fsp/src/bsp/mcu/all/bsp_register_protection.o
                0x20000d48                g_protect_counters
 .bss.current_heap_end.0
                0x20000d50        0x4 ./ra/fsp/src/bsp/mcu/all/bsp_sbrk.o
 .bss.SystemCoreClock
                0x20000d54        0x4 ./ra/fsp/src/bsp/cmsis/Device/RENESAS/Source/system.o
                0x20000d54                SystemCoreClock
 .bss.__malloc_free_list
                0x20000d58        0x4 c:/renesas/ra/e2studio_v2022-01_fsp_v3.6.0/toolchains/gcc_arm/gcc-arm-none-eabi-10.3-2021.10/bin/../lib/gcc/arm-none-eabi/10.3.1/../../../../arm-none-eabi/lib/thumb/v8-m.main+fp/hard\libg_nano.a(lib_a-nano-mallocr.o)
                0x20000d58                __malloc_free_list
 .bss.__malloc_sbrk_start
                0x20000d5c        0x4 c:/renesas/ra/e2studio_v2022-01_fsp_v3.6.0/toolchains/gcc_arm/gcc-arm-none-eabi-10.3-2021.10/bin/../lib/gcc/arm-none-eabi/10.3.1/../../../../arm-none-eabi/lib/thumb/v8-m.main+fp/hard\libg_nano.a(lib_a-nano-mallocr.o)
                0x20000d5c                __malloc_sbrk_start
 .bss.__lock___malloc_recursive_mutex
                0x20000d60        0x1 c:/renesas/ra/e2studio_v2022-01_fsp_v3.6.0/toolchains/gcc_arm/gcc-arm-none-eabi-10.3-2021.10/bin/../lib/gcc/arm-none-eabi/10.3.1/../../../../arm-none-eabi/lib/thumb/v8-m.main+fp/hard\libg_nano.a(lib_a-lock.o)
                0x20000d60                __lock___malloc_recursive_mutex
 *fill*         0x20000d61        0x3 
 .bss.errno     0x20000d64        0x4 c:/renesas/ra/e2studio_v2022-01_fsp_v3.6.0/toolchains/gcc_arm/gcc-arm-none-eabi-10.3-2021.10/bin/../lib/gcc/arm-none-eabi/10.3.1/../../../../arm-none-eabi/lib/thumb/v8-m.main+fp/hard\libg_nano.a(lib_a-reent.o)
                0x20000d64                errno
 *(COMMON)
                0x20000d68                . = ALIGN (0x4)
                0x20000d68                __bss_end__ = .

.heap           0x20000d68     0x1000
                0x20000d68                . = ALIGN (0x8)
                0x20000d68                __HeapBase = .
 *(.heap)
 .heap          0x20000d68     0x1000 ./ra/fsp/src/bsp/cmsis/Device/RENESAS/Source/startup.o
                0x20001d68                __HeapLimit = .

.stack_dummy    0x20001d68     0x1000
                0x20001d68                . = ALIGN (0x8)
                0x20001d68                __StackLimit = .
 *(.stack)
 .stack         0x20001d68     0x1000 ./ra/fsp/src/bsp/cmsis/Device/RENESAS/Source/startup.o
                0x20002d68                __StackTop = .
 *(.stack*)
                0x20002d68                __StackTopAll = .
                0x20002d68                PROVIDE (__stack = __StackTopAll)
                0x20002d68                __RAM_segment_used_end__ = ALIGN (__StackTopAll, 0x4)
                0x20003000                __tz_RAM_C = DEFINED (RAM_NSC_START)?ABSOLUTE (RAM_NSC_START):__RESERVE_NS_RAM?ABSOLUTE (RAM_NS_BUFFER_BLOCK_START):ALIGN (__RAM_segment_used_end__, 0x400)
                0x20004000                __tz_RAM_N = DEFINED (RAM_NS_START)?ABSOLUTE (RAM_NS_START):__RESERVE_NS_RAM?ABSOLUTE (RAM_NS_BUFFER_BLOCK_START):ALIGN (__tz_RAM_C, 0x2000)

.ns_buffer      0x20002d68        0x0
                0x20002d68                . = __RESERVE_NS_RAM?ABSOLUTE ((RAM_NS_BUFFER_START & 0xffffffe0)):.
 *(.ns_buffer*)

.data_flash     0x08000000        0x0
                0x08000000                . = ORIGIN (DATA_FLASH)
                0x08000000                __tz_DATA_FLASH_S = .
                0x08000000                __Data_Flash_Start = .
 *(.data_flash*)
                0x08000000                __Data_Flash_End = .
                0x08000000                __tz_DATA_FLASH_N = DEFINED (DATA_FLASH_NS_START)?ABSOLUTE (DATA_FLASH_NS_START):__RESERVE_NS_RAM?ABSOLUTE ((DATA_FLASH_START + DATA_FLASH_LENGTH)):ALIGN (0x400)
                0x90000000                __tz_SDRAM_S = ORIGIN (SDRAM)

.sdram          0x90000000        0x0
                0x90000000                __SDRAM_Start = .
 *(.sdram*)
 *(.frame*)
                0x90000000                __SDRAM_End = .
                0x90000000                __tz_SDRAM_N = __SDRAM_End
                0x00000000                __tz_ID_CODE_S = ORIGIN (ID_CODE)

.id_code        0x00000000        0x0
                0x00000000                __ID_Code_Start = .
 *(.id_code*)
                0x00000000                __ID_Code_End = .
                0x00000000                __tz_ID_CODE_N = __ID_Code_End
                0x0100a100                __tz_OPTION_SETTING_S = ORIGIN (OPTION_SETTING)

.option_setting
                0x0100a100       0x38
                0x0100a100                __OPTION_SETTING_Start = .
 *(.option_setting_ofs0)
 .option_setting_ofs0
                0x0100a100        0x4 ./ra/fsp/src/bsp/mcu/all/bsp_rom_registers.o
                0x0100a110                . = PROJECT_SECURE_OR_FLAT?(__OPTION_SETTING_Start + 0x10):__OPTION_SETTING_Start
 *fill*         0x0100a104        0xc ff
 *(.option_setting_dualsel)
                0x0100a134                . = PROJECT_SECURE_OR_FLAT?(__OPTION_SETTING_Start + 0x34):__OPTION_SETTING_Start
 *fill*         0x0100a110       0x24 ff
 *(.option_setting_sas)
 .option_setting_sas
                0x0100a134        0x4 ./ra/fsp/src/bsp/mcu/all/bsp_rom_registers.o
                0x0100a138                __OPTION_SETTING_End = .
                0x0100a180                __tz_OPTION_SETTING_N = OPTION_SETTING_START_NS

.option_setting_ns
                0x0100a138        0x0
                0x0100a138                __OPTION_SETTING_NS_Start = .
 *(.option_setting_ofs1)
                0x0100a138                . = USE_OPTION_SETTING_NS?(__OPTION_SETTING_NS_Start + 0x10):__OPTION_SETTING_NS_Start
 *(.option_setting_banksel)
                0x0100a138                . = USE_OPTION_SETTING_NS?(__OPTION_SETTING_NS_Start + 0x40):__OPTION_SETTING_NS_Start
 *(.option_setting_bps0)
                0x0100a138                . = USE_OPTION_SETTING_NS?(__OPTION_SETTING_NS_Start + 0x44):__OPTION_SETTING_NS_Start
 *(.option_setting_bps1)
                0x0100a138                . = USE_OPTION_SETTING_NS?(__OPTION_SETTING_NS_Start + 0x48):__OPTION_SETTING_NS_Start
 *(.option_setting_bps2)
                0x0100a138                . = USE_OPTION_SETTING_NS?(__OPTION_SETTING_NS_Start + 0x60):__OPTION_SETTING_NS_Start
 *(.option_setting_pbps0)
                0x0100a138                . = USE_OPTION_SETTING_NS?(__OPTION_SETTING_NS_Start + 0x64):__OPTION_SETTING_NS_Start
 *(.option_setting_pbps1)
                0x0100a138                . = USE_OPTION_SETTING_NS?(__OPTION_SETTING_NS_Start + 0x68):__OPTION_SETTING_NS_Start
 *(.option_setting_pbps2)
                0x0100a138                __OPTION_SETTING_NS_End = .
                0x0100a200                __tz_OPTION_SETTING_S_S = ORIGIN (OPTION_SETTING_S)

.option_setting_s
                0x0100a200       0xcc
                0x0100a200                __OPTION_SETTING_S_Start = .
 *(.option_setting_ofs1_sec)
 .option_setting_ofs1_sec
                0x0100a200        0x4 ./ra/fsp/src/bsp/mcu/all/bsp_rom_registers.o
                0x0100a210                . = PROJECT_SECURE_OR_FLAT?(__OPTION_SETTING_S_Start + 0x10):__OPTION_SETTING_S_Start
 *fill*         0x0100a204        0xc ff
 *(.option_setting_banksel_sec)
 .option_setting_banksel_sec
                0x0100a210        0x4 ./ra/fsp/src/bsp/mcu/all/bsp_rom_registers.o
                0x0100a240                . = PROJECT_SECURE_OR_FLAT?(__OPTION_SETTING_S_Start + 0x40):__OPTION_SETTING_S_Start
 *fill*         0x0100a214       0x2c ff
 *(.option_setting_bps_sec0)
 .option_setting_bps_sec0
                0x0100a240        0x4 ./ra/fsp/src/bsp/mcu/all/bsp_rom_registers.o
                0x0100a244                . = PROJECT_SECURE_OR_FLAT?(__OPTION_SETTING_S_Start + 0x44):__OPTION_SETTING_S_Start
 *(.option_setting_bps_sec1)
 .option_setting_bps_sec1
                0x0100a244        0x4 ./ra/fsp/src/bsp/mcu/all/bsp_rom_registers.o
                0x0100a248                . = PROJECT_SECURE_OR_FLAT?(__OPTION_SETTING_S_Start + 0x48):__OPTION_SETTING_S_Start
 *(.option_setting_bps_sec2)
 .option_setting_bps_sec2
                0x0100a248        0x4 ./ra/fsp/src/bsp/mcu/all/bsp_rom_registers.o
                0x0100a260                . = PROJECT_SECURE_OR_FLAT?(__OPTION_SETTING_S_Start + 0x60):__OPTION_SETTING_S_Start
 *fill*         0x0100a24c       0x14 ff
 *(.option_setting_pbps_sec0)
 .option_setting_pbps_sec0
                0x0100a260        0x4 ./ra/fsp/src/bsp/mcu/all/bsp_rom_registers.o
                0x0100a264                . = PROJECT_SECURE_OR_FLAT?(__OPTION_SETTING_S_Start + 0x64):__OPTION_SETTING_S_Start
 *(.option_setting_pbps_sec1)
 .option_setting_pbps_sec1
                0x0100a264        0x4 ./ra/fsp/src/bsp/mcu/all/bsp_rom_registers.o
                0x0100a268                . = PROJECT_SECURE_OR_FLAT?(__OPTION_SETTING_S_Start + 0x68):__OPTION_SETTING_S_Start
 *(.option_setting_pbps_sec2)
 .option_setting_pbps_sec2
                0x0100a268        0x4 ./ra/fsp/src/bsp/mcu/all/bsp_rom_registers.o
                0x0100a280                . = PROJECT_SECURE_OR_FLAT?(__OPTION_SETTING_S_Start + 0x80):__OPTION_SETTING_S_Start
 *fill*         0x0100a26c       0x14 ff
 *(.option_setting_ofs1_sel)
 .option_setting_ofs1_sel
                0x0100a280        0x4 ./ra/fsp/src/bsp/mcu/all/bsp_rom_registers.o
                0x0100a290                . = PROJECT_SECURE_OR_FLAT?(__OPTION_SETTING_S_Start + 0x90):__OPTION_SETTING_S_Start
 *fill*         0x0100a284        0xc ff
 *(.option_setting_banksel_sel)
 .option_setting_banksel_sel
                0x0100a290        0x4 ./ra/fsp/src/bsp/mcu/all/bsp_rom_registers.o
                0x0100a2c0                . = PROJECT_SECURE_OR_FLAT?(__OPTION_SETTING_S_Start + 0xc0):__OPTION_SETTING_S_Start
 *fill*         0x0100a294       0x2c ff
 *(.option_setting_bps_sel0)
 .option_setting_bps_sel0
                0x0100a2c0        0x4 ./ra/fsp/src/bsp/mcu/all/bsp_rom_registers.o
                0x0100a2c4                . = PROJECT_SECURE_OR_FLAT?(__OPTION_SETTING_S_Start + 0xc4):__OPTION_SETTING_S_Start
 *(.option_setting_bps_sel1)
 .option_setting_bps_sel1
                0x0100a2c4        0x4 ./ra/fsp/src/bsp/mcu/all/bsp_rom_registers.o
                0x0100a2c8                . = PROJECT_SECURE_OR_FLAT?(__OPTION_SETTING_S_Start + 0xc8):__OPTION_SETTING_S_Start
 *(.option_setting_bps_sel2)
 .option_setting_bps_sel2
                0x0100a2c8        0x4 ./ra/fsp/src/bsp/mcu/all/bsp_rom_registers.o
                0x0100a2cc                __OPTION_SETTING_S_End = .
                0x0100a2cc                __tz_OPTION_SETTING_S_N = __OPTION_SETTING_S_End
OUTPUT(Can2Mb.elf elf32-littlearm)
LOAD linker stubs

.rel.dyn        0x0100a2cc        0x0
 .rel.iplt      0x0100a2cc        0x0 c:/renesas/ra/e2studio_v2022-01_fsp_v3.6.0/toolchains/gcc_arm/gcc-arm-none-eabi-10.3-2021.10/bin/../lib/gcc/arm-none-eabi/10.3.1/thumb/v8-m.main+fp/hard/crtbegin.o

.ARM.attributes
                0x00000000       0x36
 .ARM.attributes
                0x00000000       0x22 c:/renesas/ra/e2studio_v2022-01_fsp_v3.6.0/toolchains/gcc_arm/gcc-arm-none-eabi-10.3-2021.10/bin/../lib/gcc/arm-none-eabi/10.3.1/thumb/v8-m.main+fp/hard/crti.o
 .ARM.attributes
                0x00000022       0x38 c:/renesas/ra/e2studio_v2022-01_fsp_v3.6.0/toolchains/gcc_arm/gcc-arm-none-eabi-10.3-2021.10/bin/../lib/gcc/arm-none-eabi/10.3.1/thumb/v8-m.main+fp/hard/crtbegin.o
 .ARM.attributes
                0x0000005a       0x3a ./src/test/test.o
 .ARM.attributes
                0x00000094       0x3a ./src/service/soc_ukf/battery_model.o
 .ARM.attributes
                0x000000ce       0x3a ./src/service/soc_ukf/soc_ukf.o
 .ARM.attributes
                0x00000108       0x3a ./src/service/soc_ukf/soc_vffrls.o
 .ARM.attributes
                0x00000142       0x3a ./src/service/math/math_util.o
 .ARM.attributes
                0x0000017c       0x3a ./src/service/math/matrix.o
 .ARM.attributes
                0x000001b6       0x3a ./src/service/fifo/fifo.o
 .ARM.attributes
                0x000001f0       0x3a ./ra_gen/common_data.o
 .ARM.attributes
                0x0000022a       0x3a ./ra_gen/hal_data.o
 .ARM.attributes
                0x00000264       0x3a ./ra_gen/main.o
 .ARM.attributes
                0x0000029e       0x3a ./ra_gen/pin_data.o
 .ARM.attributes
                0x000002d8       0x3a ./ra_gen/vector_data.o
 .ARM.attributes
                0x00000312       0x3a ./ra/fsp/src/r_sci_uart/r_sci_uart.o
 .ARM.attributes
                0x0000034c       0x3a ./ra/fsp/src/r_ioport/r_ioport.o
 .ARM.attributes
                0x00000386       0x3a ./ra/fsp/src/r_gpt/r_gpt.o
 .ARM.attributes
                0x000003c0       0x3a ./ra/fsp/src/r_can/r_can.o
 .ARM.attributes
                0x000003fa       0x3a ./ra/fsp/src/bsp/mcu/all/bsp_clocks.o
 .ARM.attributes
                0x00000434       0x3a ./ra/fsp/src/bsp/mcu/all/bsp_common.o
 .ARM.attributes
                0x0000046e       0x3a ./ra/fsp/src/bsp/mcu/all/bsp_delay.o
 .ARM.attributes
                0x000004a8       0x3a ./ra/fsp/src/bsp/mcu/all/bsp_group_irq.o
 .ARM.attributes
                0x000004e2       0x3a ./ra/fsp/src/bsp/mcu/all/bsp_io.o
 .ARM.attributes
                0x0000051c       0x3a ./ra/fsp/src/bsp/mcu/all/bsp_irq.o
 .ARM.attributes
                0x00000556       0x3a ./ra/fsp/src/bsp/mcu/all/bsp_register_protection.o
 .ARM.attributes
                0x00000590       0x3a ./ra/fsp/src/bsp/mcu/all/bsp_rom_registers.o
 .ARM.attributes
                0x000005ca       0x3a ./ra/fsp/src/bsp/mcu/all/bsp_sbrk.o
 .ARM.attributes
                0x00000604       0x3a ./ra/fsp/src/bsp/cmsis/Device/RENESAS/Source/startup.o
 .ARM.attributes
                0x0000063e       0x3a ./ra/fsp/src/bsp/cmsis/Device/RENESAS/Source/system.o
 .ARM.attributes
                0x00000678       0x22 c:/renesas/ra/e2studio_v2022-01_fsp_v3.6.0/toolchains/gcc_arm/gcc-arm-none-eabi-10.3-2021.10/bin/../lib/gcc/arm-none-eabi/10.3.1/thumb/v8-m.main+fp/hard\libgcc.a(_arm_addsubdf3.o)
 .ARM.attributes
                0x0000069a       0x22 c:/renesas/ra/e2studio_v2022-01_fsp_v3.6.0/toolchains/gcc_arm/gcc-arm-none-eabi-10.3-2021.10/bin/../lib/gcc/arm-none-eabi/10.3.1/thumb/v8-m.main+fp/hard\libgcc.a(_arm_muldivdf3.o)
 .ARM.attributes
                0x000006bc       0x22 c:/renesas/ra/e2studio_v2022-01_fsp_v3.6.0/toolchains/gcc_arm/gcc-arm-none-eabi-10.3-2021.10/bin/../lib/gcc/arm-none-eabi/10.3.1/thumb/v8-m.main+fp/hard\libgcc.a(_arm_cmpdf2.o)
 .ARM.attributes
                0x000006de       0x22 c:/renesas/ra/e2studio_v2022-01_fsp_v3.6.0/toolchains/gcc_arm/gcc-arm-none-eabi-10.3-2021.10/bin/../lib/gcc/arm-none-eabi/10.3.1/thumb/v8-m.main+fp/hard\libgcc.a(_arm_truncdfsf2.o)
 .ARM.attributes
                0x00000700       0x38 c:/renesas/ra/e2studio_v2022-01_fsp_v3.6.0/toolchains/gcc_arm/gcc-arm-none-eabi-10.3-2021.10/bin/../lib/gcc/arm-none-eabi/10.3.1/../../../../arm-none-eabi/lib/thumb/v8-m.main+fp/hard\libg_nano.a(lib_a-atoi.o)
 .ARM.attributes
                0x00000738       0x38 c:/renesas/ra/e2studio_v2022-01_fsp_v3.6.0/toolchains/gcc_arm/gcc-arm-none-eabi-10.3-2021.10/bin/../lib/gcc/arm-none-eabi/10.3.1/../../../../arm-none-eabi/lib/thumb/v8-m.main+fp/hard\libg_nano.a(lib_a-errno.o)
 .ARM.attributes
                0x00000770       0x38 c:/renesas/ra/e2studio_v2022-01_fsp_v3.6.0/toolchains/gcc_arm/gcc-arm-none-eabi-10.3-2021.10/bin/../lib/gcc/arm-none-eabi/10.3.1/../../../../arm-none-eabi/lib/thumb/v8-m.main+fp/hard\libg_nano.a(lib_a-impure.o)
 .ARM.attributes
                0x000007a8       0x38 c:/renesas/ra/e2studio_v2022-01_fsp_v3.6.0/toolchains/gcc_arm/gcc-arm-none-eabi-10.3-2021.10/bin/../lib/gcc/arm-none-eabi/10.3.1/../../../../arm-none-eabi/lib/thumb/v8-m.main+fp/hard\libg_nano.a(lib_a-malloc.o)
 .ARM.attributes
                0x000007e0       0x38 c:/renesas/ra/e2studio_v2022-01_fsp_v3.6.0/toolchains/gcc_arm/gcc-arm-none-eabi-10.3-2021.10/bin/../lib/gcc/arm-none-eabi/10.3.1/../../../../arm-none-eabi/lib/thumb/v8-m.main+fp/hard\libg_nano.a(lib_a-memcpy-stub.o)
 .ARM.attributes
                0x00000818       0x38 c:/renesas/ra/e2studio_v2022-01_fsp_v3.6.0/toolchains/gcc_arm/gcc-arm-none-eabi-10.3-2021.10/bin/../lib/gcc/arm-none-eabi/10.3.1/../../../../arm-none-eabi/lib/thumb/v8-m.main+fp/hard\libg_nano.a(lib_a-memset.o)
 .ARM.attributes
                0x00000850       0x38 c:/renesas/ra/e2studio_v2022-01_fsp_v3.6.0/toolchains/gcc_arm/gcc-arm-none-eabi-10.3-2021.10/bin/../lib/gcc/arm-none-eabi/10.3.1/../../../../arm-none-eabi/lib/thumb/v8-m.main+fp/hard\libg_nano.a(lib_a-nano-freer.o)
 .ARM.attributes
                0x00000888       0x38 c:/renesas/ra/e2studio_v2022-01_fsp_v3.6.0/toolchains/gcc_arm/gcc-arm-none-eabi-10.3-2021.10/bin/../lib/gcc/arm-none-eabi/10.3.1/../../../../arm-none-eabi/lib/thumb/v8-m.main+fp/hard\libg_nano.a(lib_a-nano-mallocr.o)
 .ARM.attributes
                0x000008c0       0x38 c:/renesas/ra/e2studio_v2022-01_fsp_v3.6.0/toolchains/gcc_arm/gcc-arm-none-eabi-10.3-2021.10/bin/../lib/gcc/arm-none-eabi/10.3.1/../../../../arm-none-eabi/lib/thumb/v8-m.main+fp/hard\libg_nano.a(lib_a-sbrkr.o)
 .ARM.attributes
                0x000008f8       0x38 c:/renesas/ra/e2studio_v2022-01_fsp_v3.6.0/toolchains/gcc_arm/gcc-arm-none-eabi-10.3-2021.10/bin/../lib/gcc/arm-none-eabi/10.3.1/../../../../arm-none-eabi/lib/thumb/v8-m.main+fp/hard\libg_nano.a(lib_a-strcpy.o)
 .ARM.attributes
                0x00000930       0x17 c:/renesas/ra/e2studio_v2022-01_fsp_v3.6.0/toolchains/gcc_arm/gcc-arm-none-eabi-10.3-2021.10/bin/../lib/gcc/arm-none-eabi/10.3.1/../../../../arm-none-eabi/lib/thumb/v8-m.main+fp/hard\libg_nano.a(lib_a-strlen.o)
 .ARM.attributes
                0x00000947       0x38 c:/renesas/ra/e2studio_v2022-01_fsp_v3.6.0/toolchains/gcc_arm/gcc-arm-none-eabi-10.3-2021.10/bin/../lib/gcc/arm-none-eabi/10.3.1/../../../../arm-none-eabi/lib/thumb/v8-m.main+fp/hard\libg_nano.a(lib_a-strtok.o)
 .ARM.attributes
                0x0000097f       0x38 c:/renesas/ra/e2studio_v2022-01_fsp_v3.6.0/toolchains/gcc_arm/gcc-arm-none-eabi-10.3-2021.10/bin/../lib/gcc/arm-none-eabi/10.3.1/../../../../arm-none-eabi/lib/thumb/v8-m.main+fp/hard\libg_nano.a(lib_a-strtok_r.o)
 .ARM.attributes
                0x000009b7       0x38 c:/renesas/ra/e2studio_v2022-01_fsp_v3.6.0/toolchains/gcc_arm/gcc-arm-none-eabi-10.3-2021.10/bin/../lib/gcc/arm-none-eabi/10.3.1/../../../../arm-none-eabi/lib/thumb/v8-m.main+fp/hard\libg_nano.a(lib_a-strtol.o)
 .ARM.attributes
                0x000009ef       0x38 c:/renesas/ra/e2studio_v2022-01_fsp_v3.6.0/toolchains/gcc_arm/gcc-arm-none-eabi-10.3-2021.10/bin/../lib/gcc/arm-none-eabi/10.3.1/../../../../arm-none-eabi/lib/thumb/v8-m.main+fp/hard\libg_nano.a(lib_a-vsprintf.o)
 .ARM.attributes
                0x00000a27       0x38 c:/renesas/ra/e2studio_v2022-01_fsp_v3.6.0/toolchains/gcc_arm/gcc-arm-none-eabi-10.3-2021.10/bin/../lib/gcc/arm-none-eabi/10.3.1/../../../../arm-none-eabi/lib/thumb/v8-m.main+fp/hard\libg_nano.a(lib_a-ctype_.o)
 .ARM.attributes
                0x00000a5f       0x38 c:/renesas/ra/e2studio_v2022-01_fsp_v3.6.0/toolchains/gcc_arm/gcc-arm-none-eabi-10.3-2021.10/bin/../lib/gcc/arm-none-eabi/10.3.1/../../../../arm-none-eabi/lib/thumb/v8-m.main+fp/hard\libg_nano.a(lib_a-findfp.o)
 .ARM.attributes
                0x00000a97       0x38 c:/renesas/ra/e2studio_v2022-01_fsp_v3.6.0/toolchains/gcc_arm/gcc-arm-none-eabi-10.3-2021.10/bin/../lib/gcc/arm-none-eabi/10.3.1/../../../../arm-none-eabi/lib/thumb/v8-m.main+fp/hard\libg_nano.a(lib_a-lock.o)
 .ARM.attributes
                0x00000acf       0x38 c:/renesas/ra/e2studio_v2022-01_fsp_v3.6.0/toolchains/gcc_arm/gcc-arm-none-eabi-10.3-2021.10/bin/../lib/gcc/arm-none-eabi/10.3.1/../../../../arm-none-eabi/lib/thumb/v8-m.main+fp/hard\libg_nano.a(lib_a-mlock.o)
 .ARM.attributes
                0x00000b07       0x38 c:/renesas/ra/e2studio_v2022-01_fsp_v3.6.0/toolchains/gcc_arm/gcc-arm-none-eabi-10.3-2021.10/bin/../lib/gcc/arm-none-eabi/10.3.1/../../../../arm-none-eabi/lib/thumb/v8-m.main+fp/hard\libg_nano.a(lib_a-nano-svfprintf.o)
 .ARM.attributes
                0x00000b3f       0x38 c:/renesas/ra/e2studio_v2022-01_fsp_v3.6.0/toolchains/gcc_arm/gcc-arm-none-eabi-10.3-2021.10/bin/../lib/gcc/arm-none-eabi/10.3.1/../../../../arm-none-eabi/lib/thumb/v8-m.main+fp/hard\libg_nano.a(lib_a-nano-vfprintf_i.o)
 .ARM.attributes
                0x00000b77       0x38 c:/renesas/ra/e2studio_v2022-01_fsp_v3.6.0/toolchains/gcc_arm/gcc-arm-none-eabi-10.3-2021.10/bin/../lib/gcc/arm-none-eabi/10.3.1/../../../../arm-none-eabi/lib/thumb/v8-m.main+fp/hard\libg_nano.a(lib_a-reent.o)
 .ARM.attributes
                0x00000baf       0x38 c:/renesas/ra/e2studio_v2022-01_fsp_v3.6.0/toolchains/gcc_arm/gcc-arm-none-eabi-10.3-2021.10/bin/../lib/gcc/arm-none-eabi/10.3.1/../../../../arm-none-eabi/lib/thumb/v8-m.main+fp/hard\libg_nano.a(lib_a-memchr-stub.o)
 .ARM.attributes
                0x00000be7       0x38 c:/renesas/ra/e2studio_v2022-01_fsp_v3.6.0/toolchains/gcc_arm/gcc-arm-none-eabi-10.3-2021.10/bin/../lib/gcc/arm-none-eabi/10.3.1/../../../../arm-none-eabi/lib/thumb/v8-m.main+fp/hard\libg_nano.a(lib_a-memmove.o)
 .ARM.attributes
                0x00000c1f       0x38 c:/renesas/ra/e2studio_v2022-01_fsp_v3.6.0/toolchains/gcc_arm/gcc-arm-none-eabi-10.3-2021.10/bin/../lib/gcc/arm-none-eabi/10.3.1/../../../../arm-none-eabi/lib/thumb/v8-m.main+fp/hard\libg_nano.a(lib_a-nano-reallocr.o)
 .ARM.attributes
                0x00000c57       0x38 c:/renesas/ra/e2studio_v2022-01_fsp_v3.6.0/toolchains/gcc_arm/gcc-arm-none-eabi-10.3-2021.10/bin/../lib/gcc/arm-none-eabi/10.3.1/../../../../arm-none-eabi/lib/thumb/v8-m.main+fp/hard\libg_nano.a(lib_a-nano-msizer.o)
 .ARM.attributes
                0x00000c8f       0x38 c:/renesas/ra/e2studio_v2022-01_fsp_v3.6.0/toolchains/gcc_arm/gcc-arm-none-eabi-10.3-2021.10/bin/../lib/gcc/arm-none-eabi/10.3.1/thumb/v8-m.main+fp/hard/crtend.o
 .ARM.attributes
                0x00000cc7       0x22 c:/renesas/ra/e2studio_v2022-01_fsp_v3.6.0/toolchains/gcc_arm/gcc-arm-none-eabi-10.3-2021.10/bin/../lib/gcc/arm-none-eabi/10.3.1/thumb/v8-m.main+fp/hard/crtn.o

.comment        0x00000000       0x49
 .comment       0x00000000       0x49 ./src/test/test.o
                                 0x4a (size before relaxing)
 .comment       0x00000049       0x4a ./src/service/soc_ukf/battery_model.o
 .comment       0x00000049       0x4a ./src/service/soc_ukf/soc_ukf.o
 .comment       0x00000049       0x4a ./src/service/soc_ukf/soc_vffrls.o
 .comment       0x00000049       0x4a ./src/service/math/math_util.o
 .comment       0x00000049       0x4a ./src/service/math/matrix.o
 .comment       0x00000049       0x4a ./src/service/fifo/fifo.o
 .comment       0x00000049       0x4a ./ra_gen/common_data.o
 .comment       0x00000049       0x4a ./ra_gen/hal_data.o
 .comment       0x00000049       0x4a ./ra_gen/main.o
 .comment       0x00000049       0x4a ./ra_gen/pin_data.o
 .comment       0x00000049       0x4a ./ra_gen/vector_data.o
 .comment       0x00000049       0x4a ./ra/fsp/src/r_sci_uart/r_sci_uart.o
 .comment       0x00000049       0x4a ./ra/fsp/src/r_ioport/r_ioport.o
 .comment       0x00000049       0x4a ./ra/fsp/src/r_gpt/r_gpt.o
 .comment       0x00000049       0x4a ./ra/fsp/src/r_can/r_can.o
 .comment       0x00000049       0x4a ./ra/fsp/src/bsp/mcu/all/bsp_clocks.o
 .comment       0x00000049       0x4a ./ra/fsp/src/bsp/mcu/all/bsp_common.o
 .comment       0x00000049       0x4a ./ra/fsp/src/bsp/mcu/all/bsp_delay.o
 .comment       0x00000049       0x4a ./ra/fsp/src/bsp/mcu/all/bsp_group_irq.o
 .comment       0x00000049       0x4a ./ra/fsp/src/bsp/mcu/all/bsp_io.o
 .comment       0x00000049       0x4a ./ra/fsp/src/bsp/mcu/all/bsp_irq.o
 .comment       0x00000049       0x4a ./ra/fsp/src/bsp/mcu/all/bsp_register_protection.o
 .comment       0x00000049       0x4a ./ra/fsp/src/bsp/mcu/all/bsp_rom_registers.o
 .comment       0x00000049       0x4a ./ra/fsp/src/bsp/mcu/all/bsp_sbrk.o
 .comment       0x00000049       0x4a ./ra/fsp/src/bsp/cmsis/Device/RENESAS/Source/startup.o
 .comment       0x00000049       0x4a ./ra/fsp/src/bsp/cmsis/Device/RENESAS/Source/system.o

.debug_info     0x00000000    0x3c452
 .debug_info    0x00000000     0x3dac ./src/test/test.o
 .debug_info    0x00003dac      0x22f ./src/service/soc_ukf/battery_model.o
 .debug_info    0x00003fdb     0x138e ./src/service/soc_ukf/soc_ukf.o
 .debug_info    0x00005369      0x4ad ./src/service/soc_ukf/soc_vffrls.o
 .debug_info    0x00005816      0x5a8 ./src/service/math/math_util.o
 .debug_info    0x00005dbe      0xc55 ./src/service/math/matrix.o
 .debug_info    0x00006a13      0x2b3 ./src/service/fifo/fifo.o
 .debug_info    0x00006cc6     0x1244 ./ra_gen/common_data.o
 .debug_info    0x00007f0a     0x7fe3 ./ra_gen/hal_data.o
 .debug_info    0x0000feed       0xb1 ./ra_gen/main.o
 .debug_info    0x0000ff9e      0x9e1 ./ra_gen/pin_data.o
 .debug_info    0x0001097f      0x666 ./ra_gen/vector_data.o
 .debug_info    0x00010fe5     0xa1aa ./ra/fsp/src/r_sci_uart/r_sci_uart.o
 .debug_info    0x0001b18f     0x68f2 ./ra/fsp/src/r_ioport/r_ioport.o
 .debug_info    0x00021a81     0x938e ./ra/fsp/src/r_gpt/r_gpt.o
 .debug_info    0x0002ae0f     0x4fd0 ./ra/fsp/src/r_can/r_can.o
 .debug_info    0x0002fddf     0x4574 ./ra/fsp/src/bsp/mcu/all/bsp_clocks.o
 .debug_info    0x00034353      0x906 ./ra/fsp/src/bsp/mcu/all/bsp_common.o
 .debug_info    0x00034c59      0x1d8 ./ra/fsp/src/bsp/mcu/all/bsp_delay.o
 .debug_info    0x00034e31     0x1385 ./ra/fsp/src/bsp/mcu/all/bsp_group_irq.o
 .debug_info    0x000361b6       0xaa ./ra/fsp/src/bsp/mcu/all/bsp_io.o
 .debug_info    0x00036260     0x1b22 ./ra/fsp/src/bsp/mcu/all/bsp_irq.o
 .debug_info    0x00037d82     0x39e6 ./ra/fsp/src/bsp/mcu/all/bsp_register_protection.o
 .debug_info    0x0003b768      0x19d ./ra/fsp/src/bsp/mcu/all/bsp_rom_registers.o
 .debug_info    0x0003b905      0x142 ./ra/fsp/src/bsp/mcu/all/bsp_sbrk.o
 .debug_info    0x0003ba47      0x15b ./ra/fsp/src/bsp/cmsis/Device/RENESAS/Source/startup.o
 .debug_info    0x0003bba2      0x8b0 ./ra/fsp/src/bsp/cmsis/Device/RENESAS/Source/system.o

.debug_abbrev   0x00000000     0x3d5c
 .debug_abbrev  0x00000000      0x487 ./src/test/test.o
 .debug_abbrev  0x00000487       0xe7 ./src/service/soc_ukf/battery_model.o
 .debug_abbrev  0x0000056e      0x34e ./src/service/soc_ukf/soc_ukf.o
 .debug_abbrev  0x000008bc      0x169 ./src/service/soc_ukf/soc_vffrls.o
 .debug_abbrev  0x00000a25      0x13a ./src/service/math/math_util.o
 .debug_abbrev  0x00000b5f      0x2f0 ./src/service/math/matrix.o
 .debug_abbrev  0x00000e4f      0x135 ./src/service/fifo/fifo.o
 .debug_abbrev  0x00000f84      0x150 ./ra_gen/common_data.o
 .debug_abbrev  0x000010d4      0x311 ./ra_gen/hal_data.o
 .debug_abbrev  0x000013e5       0x66 ./ra_gen/main.o
 .debug_abbrev  0x0000144b       0xdc ./ra_gen/pin_data.o
 .debug_abbrev  0x00001527       0xa7 ./ra_gen/vector_data.o
 .debug_abbrev  0x000015ce      0x623 ./ra/fsp/src/r_sci_uart/r_sci_uart.o
 .debug_abbrev  0x00001bf1      0x428 ./ra/fsp/src/r_ioport/r_ioport.o
 .debug_abbrev  0x00002019      0x5d9 ./ra/fsp/src/r_gpt/r_gpt.o
 .debug_abbrev  0x000025f2      0x589 ./ra/fsp/src/r_can/r_can.o
 .debug_abbrev  0x00002b7b      0x356 ./ra/fsp/src/bsp/mcu/all/bsp_clocks.o
 .debug_abbrev  0x00002ed1      0x188 ./ra/fsp/src/bsp/mcu/all/bsp_common.o
 .debug_abbrev  0x00003059      0x111 ./ra/fsp/src/bsp/mcu/all/bsp_delay.o
 .debug_abbrev  0x0000316a      0x254 ./ra/fsp/src/bsp/mcu/all/bsp_group_irq.o
 .debug_abbrev  0x000033be       0x5e ./ra/fsp/src/bsp/mcu/all/bsp_io.o
 .debug_abbrev  0x0000341c      0x251 ./ra/fsp/src/bsp/mcu/all/bsp_irq.o
 .debug_abbrev  0x0000366d      0x277 ./ra/fsp/src/bsp/mcu/all/bsp_register_protection.o
 .debug_abbrev  0x000038e4       0x4d ./ra/fsp/src/bsp/mcu/all/bsp_rom_registers.o
 .debug_abbrev  0x00003931       0xcc ./ra/fsp/src/bsp/mcu/all/bsp_sbrk.o
 .debug_abbrev  0x000039fd       0xe6 ./ra/fsp/src/bsp/cmsis/Device/RENESAS/Source/startup.o
 .debug_abbrev  0x00003ae3      0x279 ./ra/fsp/src/bsp/cmsis/Device/RENESAS/Source/system.o

.debug_loc      0x00000000     0x83e2
 .debug_loc     0x00000000      0x478 ./src/test/test.o
 .debug_loc     0x00000478      0x29a ./src/service/soc_ukf/battery_model.o
 .debug_loc     0x00000712      0x9d3 ./src/service/soc_ukf/soc_ukf.o
 .debug_loc     0x000010e5      0x16d ./src/service/soc_ukf/soc_vffrls.o
 .debug_loc     0x00001252      0x6e1 ./src/service/math/math_util.o
 .debug_loc     0x00001933     0x1578 ./src/service/math/matrix.o
 .debug_loc     0x00002eab      0x1e5 ./src/service/fifo/fifo.o